Archive member included to satisfy reference by file (symbol)

d:/3.tools/arm_gcc_toolchain/20_q4_major/bin/../lib/gcc/arm-none-eabi/10.2.1/../../../../arm-none-eabi/lib/thumb/v6-m/nofp\libc_nano.a(lib_a-exit.o)
                              d:/3.tools/arm_gcc_toolchain/20_q4_major/bin/../lib/gcc/arm-none-eabi/10.2.1/../../../../arm-none-eabi/lib/thumb/v6-m/nofp/crt0.o (exit)
d:/3.tools/arm_gcc_toolchain/20_q4_major/bin/../lib/gcc/arm-none-eabi/10.2.1/../../../../arm-none-eabi/lib/thumb/v6-m/nofp\libc_nano.a(lib_a-impure.o)
                              d:/3.tools/arm_gcc_toolchain/20_q4_major/bin/../lib/gcc/arm-none-eabi/10.2.1/../../../../arm-none-eabi/lib/thumb/v6-m/nofp\libc_nano.a(lib_a-exit.o) (_global_impure_ptr)
d:/3.tools/arm_gcc_toolchain/20_q4_major/bin/../lib/gcc/arm-none-eabi/10.2.1/../../../../arm-none-eabi/lib/thumb/v6-m/nofp\libc_nano.a(lib_a-init.o)
                              d:/3.tools/arm_gcc_toolchain/20_q4_major/bin/../lib/gcc/arm-none-eabi/10.2.1/../../../../arm-none-eabi/lib/thumb/v6-m/nofp/crt0.o (__libc_init_array)
d:/3.tools/arm_gcc_toolchain/20_q4_major/bin/../lib/gcc/arm-none-eabi/10.2.1/../../../../arm-none-eabi/lib/thumb/v6-m/nofp\libc_nano.a(lib_a-memset.o)
                              d:/3.tools/arm_gcc_toolchain/20_q4_major/bin/../lib/gcc/arm-none-eabi/10.2.1/../../../../arm-none-eabi/lib/thumb/v6-m/nofp/crt0.o (memset)
d:/3.tools/arm_gcc_toolchain/20_q4_major/bin/../lib/gcc/arm-none-eabi/10.2.1/../../../../arm-none-eabi/lib/thumb/v6-m/nofp\libnosys.a(_exit.o)
                              d:/3.tools/arm_gcc_toolchain/20_q4_major/bin/../lib/gcc/arm-none-eabi/10.2.1/../../../../arm-none-eabi/lib/thumb/v6-m/nofp\libc_nano.a(lib_a-exit.o) (_exit)
d:/3.tools/arm_gcc_toolchain/20_q4_major/bin/../lib/gcc/arm-none-eabi/10.2.1/thumb/v6-m/nofp\libgcc.a(_udivsi3.o)
                              build/stm32f0xx_hal_rcc.o (__aeabi_uidiv)
d:/3.tools/arm_gcc_toolchain/20_q4_major/bin/../lib/gcc/arm-none-eabi/10.2.1/thumb/v6-m/nofp\libgcc.a(_dvmd_tls.o)
                              d:/3.tools/arm_gcc_toolchain/20_q4_major/bin/../lib/gcc/arm-none-eabi/10.2.1/thumb/v6-m/nofp\libgcc.a(_udivsi3.o) (__aeabi_idiv0)

Discarded input sections

 .text          0x00000000        0x0 d:/3.tools/arm_gcc_toolchain/20_q4_major/bin/../lib/gcc/arm-none-eabi/10.2.1/thumb/v6-m/nofp/crti.o
 .data          0x00000000        0x0 d:/3.tools/arm_gcc_toolchain/20_q4_major/bin/../lib/gcc/arm-none-eabi/10.2.1/thumb/v6-m/nofp/crti.o
 .bss           0x00000000        0x0 d:/3.tools/arm_gcc_toolchain/20_q4_major/bin/../lib/gcc/arm-none-eabi/10.2.1/thumb/v6-m/nofp/crti.o
 .data          0x00000000        0x4 d:/3.tools/arm_gcc_toolchain/20_q4_major/bin/../lib/gcc/arm-none-eabi/10.2.1/thumb/v6-m/nofp/crtbegin.o
 .rodata        0x00000000       0x24 d:/3.tools/arm_gcc_toolchain/20_q4_major/bin/../lib/gcc/arm-none-eabi/10.2.1/thumb/v6-m/nofp/crtbegin.o
 .text          0x00000000       0x80 d:/3.tools/arm_gcc_toolchain/20_q4_major/bin/../lib/gcc/arm-none-eabi/10.2.1/../../../../arm-none-eabi/lib/thumb/v6-m/nofp/crt0.o
 .data          0x00000000        0x0 d:/3.tools/arm_gcc_toolchain/20_q4_major/bin/../lib/gcc/arm-none-eabi/10.2.1/../../../../arm-none-eabi/lib/thumb/v6-m/nofp/crt0.o
 .bss           0x00000000        0x0 d:/3.tools/arm_gcc_toolchain/20_q4_major/bin/../lib/gcc/arm-none-eabi/10.2.1/../../../../arm-none-eabi/lib/thumb/v6-m/nofp/crt0.o
 .ARM.extab     0x00000000        0x0 d:/3.tools/arm_gcc_toolchain/20_q4_major/bin/../lib/gcc/arm-none-eabi/10.2.1/../../../../arm-none-eabi/lib/thumb/v6-m/nofp/crt0.o
 .ARM.exidx     0x00000000       0x10 d:/3.tools/arm_gcc_toolchain/20_q4_major/bin/../lib/gcc/arm-none-eabi/10.2.1/../../../../arm-none-eabi/lib/thumb/v6-m/nofp/crt0.o
 .ARM.attributes
                0x00000000       0x1b d:/3.tools/arm_gcc_toolchain/20_q4_major/bin/../lib/gcc/arm-none-eabi/10.2.1/../../../../arm-none-eabi/lib/thumb/v6-m/nofp/crt0.o
 .text          0x00000000        0x0 build/main.o
 .data          0x00000000        0x0 build/main.o
 .bss           0x00000000        0x0 build/main.o
 .text          0x00000000        0x0 build/stm32f0xx_it.o
 .data          0x00000000        0x0 build/stm32f0xx_it.o
 .bss           0x00000000        0x0 build/stm32f0xx_it.o
 .text          0x00000000        0x0 build/stm32f0xx_hal_msp.o
 .data          0x00000000        0x0 build/stm32f0xx_hal_msp.o
 .bss           0x00000000        0x0 build/stm32f0xx_hal_msp.o
 .text.HAL_TIM_Base_MspDeInit
                0x00000000       0x80 build/stm32f0xx_hal_msp.o
 .text.HAL_UART_MspDeInit
                0x00000000       0x30 build/stm32f0xx_hal_msp.o
 .text          0x00000000        0x0 build/os.o
 .data          0x00000000        0x0 build/os.o
 .bss           0x00000000        0x0 build/os.o
 .text.Os_100ms_Task
                0x00000000        0x2 build/os.o
 .text.Os_Handler
                0x00000000       0x48 build/os.o
 .text          0x00000000        0x0 build/switch.o
[...]
Memory Configuration

Name             Origin             Length             Attributes
RAM              0x20000000         0x00004000         xrw
FLASH            0x08000000         0x00020000         xr
*default*        0x00000000         0xffffffff

Linker script and memory map

LOAD d:/3.tools/arm_gcc_toolchain/20_q4_major/bin/../lib/gcc/arm-none-eabi/10.2.1/thumb/v6-m/nofp/crti.o
LOAD d:/3.tools/arm_gcc_toolchain/20_q4_major/bin/../lib/gcc/arm-none-eabi/10.2.1/thumb/v6-m/nofp/crtbegin.o
LOAD d:/3.tools/arm_gcc_toolchain/20_q4_major/bin/../lib/gcc/arm-none-eabi/10.2.1/../../../../arm-none-eabi/lib/thumb/v6-m/nofp/crt0.o
LOAD build/main.o
LOAD build/stm32f0xx_it.o
LOAD build/stm32f0xx_hal_msp.o
LOAD build/os.o
LOAD build/switch.o
LOAD build/stm32f0xx_hal_tim.o
LOAD build/stm32f0xx_hal_tim_ex.o
LOAD build/stm32f0xx_hal_rcc.o
LOAD build/stm32f0xx_hal_rcc_ex.o
LOAD build/stm32f0xx_hal.o
LOAD build/stm32f0xx_hal_i2c.o
LOAD build/stm32f0xx_hal_i2c_ex.o
LOAD build/stm32f0xx_hal_gpio.o
LOAD build/stm32f0xx_hal_dma.o
LOAD build/stm32f0xx_hal_cortex.o
LOAD build/stm32f0xx_hal_pwr.o
LOAD build/stm32f0xx_hal_pwr_ex.o
LOAD build/stm32f0xx_hal_flash.o
LOAD build/stm32f0xx_hal_flash_ex.o
LOAD build/stm32f0xx_hal_exti.o
LOAD build/stm32f0xx_hal_uart.o
LOAD build/stm32f0xx_hal_uart_ex.o
LOAD build/system_stm32f0xx.o
LOAD build/startup_stm32f070xb.o
LOAD d:/3.tools/arm_gcc_toolchain/20_q4_major/bin/../lib/gcc/arm-none-eabi/10.2.1/../../../../arm-none-eabi/lib/thumb/v6-m/nofp\libc_nano.a
LOAD d:/3.tools/arm_gcc_toolchain/20_q4_major/bin/../lib/gcc/arm-none-eabi/10.2.1/../../../../arm-none-eabi/lib/thumb/v6-m/nofp\libm.a
LOAD d:/3.tools/arm_gcc_toolchain/20_q4_major/bin/../lib/gcc/arm-none-eabi/10.2.1/../../../../arm-none-eabi/lib/thumb/v6-m/nofp\libnosys.a
START GROUP
LOAD d:/3.tools/arm_gcc_toolchain/20_q4_major/bin/../lib/gcc/arm-none-eabi/10.2.1/thumb/v6-m/nofp\libgcc.a
LOAD d:/3.tools/arm_gcc_toolchain/20_q4_major/bin/../lib/gcc/arm-none-eabi/10.2.1/../../../../arm-none-eabi/lib/thumb/v6-m/nofp\libc_nano.a
END GROUP
START GROUP
LOAD d:/3.tools/arm_gcc_toolchain/20_q4_major/bin/../lib/gcc/arm-none-eabi/10.2.1/thumb/v6-m/nofp\libgcc.a
LOAD d:/3.tools/arm_gcc_toolchain/20_q4_major/bin/../lib/gcc/arm-none-eabi/10.2.1/../../../../arm-none-eabi/lib/thumb/v6-m/nofp\libc_nano.a
END GROUP
LOAD d:/3.tools/arm_gcc_toolchain/20_q4_major/bin/../lib/gcc/arm-none-eabi/10.2.1/thumb/v6-m/nofp/crtend.o
LOAD d:/3.tools/arm_gcc_toolchain/20_q4_major/bin/../lib/gcc/arm-none-eabi/10.2.1/thumb/v6-m/nofp/crtn.o
                0x20004000                _estack = 0x20004000
                0x00000200                _Min_Heap_Size = 0x200
                0x00000400                _Min_Stack_Size = 0x400

.isr_vector     0x08000000       0xc0
                0x08000000                . = ALIGN (0x4)
 *(.isr_vector)
 .isr_vector    0x08000000       0xc0 build/startup_stm32f070xb.o
                0x08000000                VectorTable
                0x080000c0                . = ALIGN (0x4)

.text           0x080000c0     0x21b4
                0x080000c0                . = ALIGN (0x4)
 *(.text)
 .text          0x080000c0       0x48 d:/3.tools/arm_gcc_toolchain/20_q4_major/bin/../lib/gcc/arm-none-eabi/10.2.1/thumb/v6-m/nofp/crtbegin.o
 .text          0x08000108      0x114 d:/3.tools/arm_gcc_toolchain/20_q4_major/bin/../lib/gcc/arm-none-eabi/10.2.1/thumb/v6-m/nofp\libgcc.a(_udivsi3.o)
                0x08000108                __aeabi_uidiv
                0x08000108                __udivsi3
                0x08000214                __aeabi_uidivmod
 .text          0x0800021c        0x4 d:/3.tools/arm_gcc_toolchain/20_q4_major/bin/../lib/gcc/arm-none-eabi/10.2.1/thumb/v6-m/nofp\libgcc.a(_dvmd_tls.o)
                0x0800021c                __aeabi_idiv0
                0x0800021c                __aeabi_ldiv0
 *(.text*)
 .text.MX_GPIO_Init
                0x08000220       0xa4 build/main.o
 .text.Error_Handler
                0x080002c4        0x4 build/main.o
                0x080002c4                Error_Handler
 .text.MX_TIM3_Init
                0x080002c8       0xb4 build/main.o
 .text.MX_TIM15_Init
                0x0800037c       0x7c build/main.o
 .text.MX_TIM16_Init
                0x080003f8       0x30 build/main.o
 .text.MX_TIM17_Init
                0x08000428       0x34 build/main.o
 .text.MX_USART2_UART_Init
                0x0800045c       0x38 build/main.o
 .text.SystemClock_Config
                0x08000494       0x62 build/main.o
                0x08000494                SystemClock_Config
 *fill*         0x080004f6        0x2 
 .text.main     0x080004f8       0x54 build/main.o
                0x080004f8                main
 .text.NMI_Handler
                0x0800054c        0x2 build/stm32f0xx_it.o
                0x0800054c                NMI_Handler
 .text.HardFault_Handler
                0x0800054e        0x2 build/stm32f0xx_it.o
                0x0800054e                HardFault_Handler
 .text.SVC_Handler
                0x08000550        0x2 build/stm32f0xx_it.o
                0x08000550                SVC_Handler
 .text.PendSV_Handler
                0x08000552        0x2 build/stm32f0xx_it.o
                0x08000552                PendSV_Handler
 .text.HAL_TIM_PeriodElapsedCallback
                0x08000554       0x3c build/stm32f0xx_it.o
                0x08000554                HAL_TIM_PeriodElapsedCallback
 .text.HAL_MspInit
                0x08000590       0x30 build/stm32f0xx_hal_msp.o
                0x08000590                HAL_MspInit
 .text.HAL_TIM_Base_MspInit
                0x080005c0       0xbc build/stm32f0xx_hal_msp.o
                0x080005c0                HAL_TIM_Base_MspInit
 .text.HAL_TIM_MspPostInit
                0x0800067c       0x50 build/stm32f0xx_hal_msp.o
                0x0800067c                HAL_TIM_MspPostInit
 .text.HAL_UART_MspInit
                0x080006cc       0x64 build/stm32f0xx_hal_msp.o
                0x080006cc                HAL_UART_MspInit
 .text.Os_10ms_Task
                0x08000730        0x2 build/os.o
 .text.Os_1ms_Task
                0x08000732        0xc build/os.o
 .text.Os_Init_Task
                0x0800073e        0x2 build/os.o
                0x0800073e                Os_Init_Task
 .text.Os_Time_Handler
                0x08000740       0x10 build/os.o
                0x08000740                Os_Time_Handler
 .text.Os_Get_Tick_1us
                0x08000750        0xc build/os.o
                0x08000750                Os_Get_Tick_1us
 .text.Os_Calc_Runtime_Start
                0x0800075c       0x2c build/os.o
 .text.Os_Calc_Runtime_Stop
                0x08000788       0x54 build/os.o
 .text.Os_Calc_Period
                0x080007dc       0x54 build/os.o
 .text.Os_Handler_1ms
                0x08000830       0x54 build/os.o
                0x08000830                Os_Handler_1ms
 .text.Os_Handler_10ms
                0x08000884       0x34 build/os.o
                0x08000884                Os_Handler_10ms
 .text.Switch_Read
                0x080008b8       0xb4 build/switch.o
                0x080008b8                Switch_Read
 .text.PWM_Output
                0x0800096c       0x5c build/switch.o
                0x0800096c                PWM_Output
 .text.HAL_TIM_PWM_MspInit
                0x080009c8        0x2 build/stm32f0xx_hal_tim.o
                0x080009c8                HAL_TIM_PWM_MspInit
 .text.HAL_TIM_PeriodElapsedHalfCpltCallback
                0x080009ca        0x2 build/stm32f0xx_hal_tim.o
                0x080009ca                HAL_TIM_PeriodElapsedHalfCpltCallback
 .text.HAL_TIM_OC_DelayElapsedCallback
                0x080009cc        0x2 build/stm32f0xx_hal_tim.o
                0x080009cc                HAL_TIM_OC_DelayElapsedCallback
 .text.HAL_TIM_IC_CaptureCallback
                0x080009ce        0x2 build/stm32f0xx_hal_tim.o
                0x080009ce                HAL_TIM_IC_CaptureCallback
 .text.HAL_TIM_IC_CaptureHalfCpltCallback
                0x080009d0        0x2 build/stm32f0xx_hal_tim.o
                0x080009d0                HAL_TIM_IC_CaptureHalfCpltCallback
 .text.HAL_TIM_PWM_PulseFinishedCallback
                0x080009d2        0x2 build/stm32f0xx_hal_tim.o
                0x080009d2                HAL_TIM_PWM_PulseFinishedCallback
 .text.HAL_TIM_PWM_PulseFinishedHalfCpltCallback
                0x080009d4        0x2 build/stm32f0xx_hal_tim.o
                0x080009d4                HAL_TIM_PWM_PulseFinishedHalfCpltCallback
 .text.HAL_TIM_TriggerCallback
                0x080009d6        0x2 build/stm32f0xx_hal_tim.o
                0x080009d6                HAL_TIM_TriggerCallback
 .text.HAL_TIM_TriggerHalfCpltCallback
                0x080009d8        0x2 build/stm32f0xx_hal_tim.o
                0x080009d8                HAL_TIM_TriggerHalfCpltCallback
 .text.HAL_TIM_ErrorCallback
                0x080009da        0x2 build/stm32f0xx_hal_tim.o
                0x080009da                HAL_TIM_ErrorCallback
 .text.TIM_OC1_SetConfig
                0x080009dc       0x88 build/stm32f0xx_hal_tim.o
 .text.TIM_OC3_SetConfig
                0x08000a64       0x90 build/stm32f0xx_hal_tim.o
 .text.TIM_OC4_SetConfig
                0x08000af4       0x74 build/stm32f0xx_hal_tim.o
 .text.TIM_TI1_ConfigInputStage
                0x08000b68       0x22 build/stm32f0xx_hal_tim.o
 *fill*         0x08000b8a        0x2 
 .text.TIM_TI2_ConfigInputStage
                0x08000b8c       0x28 build/stm32f0xx_hal_tim.o
 .text.TIM_ITRx_SetConfig
                0x08000bb4       0x10 build/stm32f0xx_hal_tim.o
 .text.HAL_TIM_Base_Start_IT
                0x08000bc4       0x64 build/stm32f0xx_hal_tim.o
                0x08000bc4                HAL_TIM_Base_Start_IT
 .text.HAL_TIM_IRQHandler
                0x08000c28      0x176 build/stm32f0xx_hal_tim.o
                0x08000c28                HAL_TIM_IRQHandler
 *fill*         0x08000d9e        0x2 
 .text.TIM_Base_SetConfig
                0x08000da0       0x94 build/stm32f0xx_hal_tim.o
                0x08000da0                TIM_Base_SetConfig
 .text.TIM_OC2_SetConfig
                0x08000e34       0x88 build/stm32f0xx_hal_tim.o
                0x08000e34                TIM_OC2_SetConfig
 .text.HAL_TIM_PWM_ConfigChannel
                0x08000ebc       0xe0 build/stm32f0xx_hal_tim.o
                0x08000ebc                HAL_TIM_PWM_ConfigChannel
 .text.TIM_ETR_SetConfig
                0x08000f9c       0x18 build/stm32f0xx_hal_tim.o
                0x08000f9c                TIM_ETR_SetConfig
 .text.HAL_TIM_ConfigClockSource
                0x08000fb4       0xe4 build/stm32f0xx_hal_tim.o
                0x08000fb4                HAL_TIM_ConfigClockSource
 .text.TIM_CCxChannelCmd
                0x08001098       0x1a build/stm32f0xx_hal_tim.o
                0x08001098                TIM_CCxChannelCmd
 *fill*         0x080010b2        0x2 
 .text.HAL_TIM_PWM_Start
                0x080010b4       0xf4 build/stm32f0xx_hal_tim.o
                0x080010b4                HAL_TIM_PWM_Start
 .text.TIM_ResetCallback
                0x080011a8       0x84 build/stm32f0xx_hal_tim.o
                0x080011a8                TIM_ResetCallback
 .text.HAL_TIM_Base_Init
                0x0800122c       0x70 build/stm32f0xx_hal_tim.o
                0x0800122c                HAL_TIM_Base_Init
 .text.HAL_TIM_PWM_Init
                0x0800129c       0x70 build/stm32f0xx_hal_tim.o
                0x0800129c                HAL_TIM_PWM_Init
 .text.HAL_TIMEx_MasterConfigSynchronization
                0x0800130c       0x64 build/stm32f0xx_hal_tim_ex.o
                0x0800130c                HAL_TIMEx_MasterConfigSynchronization
 .text.HAL_TIMEx_CommutCallback
                0x08001370        0x2 build/stm32f0xx_hal_tim_ex.o
                0x08001370                HAL_TIMEx_CommutCallback
 .text.HAL_TIMEx_CommutHalfCpltCallback
                0x08001372        0x2 build/stm32f0xx_hal_tim_ex.o
                0x08001372                HAL_TIMEx_CommutHalfCpltCallback
 .text.HAL_TIMEx_BreakCallback
                0x08001374        0x2 build/stm32f0xx_hal_tim_ex.o
                0x08001374                HAL_TIMEx_BreakCallback
 *fill*         0x08001376        0x2 
 .text.HAL_RCC_OscConfig
                0x08001378      0x4b0 build/stm32f0xx_hal_rcc.o
                0x08001378                HAL_RCC_OscConfig
 .text.HAL_RCC_GetSysClockFreq
                0x08001828       0x74 build/stm32f0xx_hal_rcc.o
                0x08001828                HAL_RCC_GetSysClockFreq
 .text.HAL_RCC_ClockConfig
                0x0800189c      0x134 build/stm32f0xx_hal_rcc.o
                0x0800189c                HAL_RCC_ClockConfig
 .text.HAL_RCC_GetHCLKFreq
                0x080019d0        0xc build/stm32f0xx_hal_rcc.o
                0x080019d0                HAL_RCC_GetHCLKFreq
 .text.HAL_RCC_GetPCLK1Freq
                0x080019dc       0x20 build/stm32f0xx_hal_rcc.o
                0x080019dc                HAL_RCC_GetPCLK1Freq
 .text.HAL_InitTick
                0x080019fc       0x50 build/stm32f0xx_hal.o
                0x080019fc                HAL_InitTick
 .text.HAL_Init
                0x08001a4c       0x20 build/stm32f0xx_hal.o
                0x08001a4c                HAL_Init
 .text.HAL_GetTick
                0x08001a6c        0xc build/stm32f0xx_hal.o
                0x08001a6c                HAL_GetTick
 .text.HAL_GPIO_Init
                0x08001a78      0x190 build/stm32f0xx_hal_gpio.o
                0x08001a78                HAL_GPIO_Init
 .text.HAL_GPIO_ReadPin
                0x08001c08        0xe build/stm32f0xx_hal_gpio.o
                0x08001c08                HAL_GPIO_ReadPin
 .text.HAL_GPIO_WritePin
                0x08001c16        0xc build/stm32f0xx_hal_gpio.o
                0x08001c16                HAL_GPIO_WritePin
 *fill*         0x08001c22        0x2 
 .text.HAL_NVIC_SetPriority
                0x08001c24       0x60 build/stm32f0xx_hal_cortex.o
                0x08001c24                HAL_NVIC_SetPriority
 .text.HAL_NVIC_EnableIRQ
                0x08001c84       0x18 build/stm32f0xx_hal_cortex.o
                0x08001c84                HAL_NVIC_EnableIRQ
 .text.HAL_SYSTICK_Config
                0x08001c9c       0x38 build/stm32f0xx_hal_cortex.o
                0x08001c9c                HAL_SYSTICK_Config
 .text.UART_SetConfig
                0x08001cd4      0x194 build/stm32f0xx_hal_uart.o
                0x08001cd4                UART_SetConfig
 .text.UART_AdvFeatureConfig
                0x08001e68       0xe0 build/stm32f0xx_hal_uart.o
                0x08001e68                UART_AdvFeatureConfig
 .text.UART_WaitOnFlagUntilTimeout
                0x08001f48       0xb0 build/stm32f0xx_hal_uart.o
                0x08001f48                UART_WaitOnFlagUntilTimeout
 .text.UART_CheckIdleState
                0x08001ff8       0x70 build/stm32f0xx_hal_uart.o
                0x08001ff8                UART_CheckIdleState
 .text.HAL_UART_Init
                0x08002068       0x6c build/stm32f0xx_hal_uart.o
                0x08002068                HAL_UART_Init
 .text.SystemInit
                0x080020d4        0x2 build/system_stm32f0xx.o
                0x080020d4                SystemInit
 *fill*         0x080020d6        0x2 
 .text.Reset_Handler
                0x080020d8       0x44 build/startup_stm32f070xb.o
                0x080020d8                Reset_Handler
 .text.Default_Handler
                0x0800211c        0x2 build/startup_stm32f070xb.o
                0x0800211c                Default_Handler
 .text.SysTick_Handler
                0x0800211e        0x6 build/startup_stm32f070xb.o
                0x0800211e                SysTick_Handler
 .text.WWDG_IRQHandler
                0x08002124        0x6 build/startup_stm32f070xb.o
                0x08002124                WWDG_IRQHandler
 .text.RTC_IRQHandler
                0x0800212a        0x6 build/startup_stm32f070xb.o
                0x0800212a                RTC_IRQHandler
 .text.FLASH_IRQHandler
                0x08002130        0x6 build/startup_stm32f070xb.o
                0x08002130                FLASH_IRQHandler
 .text.RCC_IRQHandler
                0x08002136        0x6 build/startup_stm32f070xb.o
                0x08002136                RCC_IRQHandler
 .text.EXTI0_1_IRQHandler
                0x0800213c        0x6 build/startup_stm32f070xb.o
                0x0800213c                EXTI0_1_IRQHandler
 .text.EXTI2_3_IRQHandler
                0x08002142        0x6 build/startup_stm32f070xb.o
                0x08002142                EXTI2_3_IRQHandler
 .text.EXTI4_15_IRQHandler
                0x08002148        0x6 build/startup_stm32f070xb.o
                0x08002148                EXTI4_15_IRQHandler
 .text.DMA1_Channel1_IRQHandler
                0x0800214e        0x6 build/startup_stm32f070xb.o
                0x0800214e                DMA1_Channel1_IRQHandler
 .text.DMA1_Channel2_3_IRQHandler
                0x08002154        0x6 build/startup_stm32f070xb.o
                0x08002154                DMA1_Channel2_3_IRQHandler
 .text.DMA1_Channel4_5_IRQHandler
                0x0800215a        0x6 build/startup_stm32f070xb.o
                0x0800215a                DMA1_Channel4_5_IRQHandler
 .text.ADC1_IRQHandler
                0x08002160        0x6 build/startup_stm32f070xb.o
                0x08002160                ADC1_IRQHandler
 .text.TIM1_BRK_UP_TRG_COM_IRQHandler
                0x08002166        0x6 build/startup_stm32f070xb.o
                0x08002166                TIM1_BRK_UP_TRG_COM_IRQHandler
 .text.TIM1_CC_IRQHandler
                0x0800216c        0x6 build/startup_stm32f070xb.o
                0x0800216c                TIM1_CC_IRQHandler
 .text.TIM3_IRQHandler
                0x08002172        0x6 build/startup_stm32f070xb.o
                0x08002172                TIM3_IRQHandler
 .text.TIM6_IRQHandler
                0x08002178        0x6 build/startup_stm32f070xb.o
                0x08002178                TIM6_IRQHandler
 .text.TIM7_IRQHandler
                0x0800217e        0x6 build/startup_stm32f070xb.o
                0x0800217e                TIM7_IRQHandler
 .text.TIM14_IRQHandler
                0x08002184        0x6 build/startup_stm32f070xb.o
                0x08002184                TIM14_IRQHandler
 .text.I2C1_IRQHandler
                0x0800218a        0x6 build/startup_stm32f070xb.o
                0x0800218a                I2C1_IRQHandler
 .text.I2C2_IRQHandler
                0x08002190        0x6 build/startup_stm32f070xb.o
                0x08002190                I2C2_IRQHandler
 .text.SPI1_IRQHandler
                0x08002196        0x6 build/startup_stm32f070xb.o
                0x08002196                SPI1_IRQHandler
 .text.SPI2_IRQHandler
                0x0800219c        0x6 build/startup_stm32f070xb.o
                0x0800219c                SPI2_IRQHandler
 .text.USART1_IRQHandler
                0x080021a2        0x6 build/startup_stm32f070xb.o
                0x080021a2                USART1_IRQHandler
 .text.USART2_IRQHandler
                0x080021a8        0x6 build/startup_stm32f070xb.o
                0x080021a8                USART2_IRQHandler
 .text.USART3_4_IRQHandler
                0x080021ae        0x6 build/startup_stm32f070xb.o
                0x080021ae                USART3_4_IRQHandler
 .text.USB_IRQHandler
                0x080021b4        0x6 build/startup_stm32f070xb.o
                0x080021b4                USB_IRQHandler
 *fill*         0x080021ba        0x2 
 .text.TIM15_Handler
                0x080021bc       0x10 build/startup_stm32f070xb.o
                0x080021bc                TIM15_Handler
 .text.TIM15_IRQHandler
                0x080021cc        0x8 build/startup_stm32f070xb.o
                0x080021cc                TIM15_IRQHandler
 .text.TIM16_Handler
                0x080021d4       0x10 build/startup_stm32f070xb.o
                0x080021d4                TIM16_Handler
 .text.TIM16_IRQHandler
                0x080021e4        0x8 build/startup_stm32f070xb.o
                0x080021e4                TIM16_IRQHandler
 .text.TIM17_Handler
                0x080021ec       0x10 build/startup_stm32f070xb.o
                0x080021ec                TIM17_Handler
 .text.TIM17_IRQHandler
                0x080021fc        0x8 build/startup_stm32f070xb.o
                0x080021fc                TIM17_IRQHandler
 .text.__libc_init_array
                0x08002204       0x48 d:/3.tools/arm_gcc_toolchain/20_q4_major/bin/../lib/gcc/arm-none-eabi/10.2.1/../../../../arm-none-eabi/lib/thumb/v6-m/nofp\libc_nano.a(lib_a-init.o)
                0x08002204                __libc_init_array
 .text.memset   0x0800224c       0x10 d:/3.tools/arm_gcc_toolchain/20_q4_major/bin/../lib/gcc/arm-none-eabi/10.2.1/../../../../arm-none-eabi/lib/thumb/v6-m/nofp\libc_nano.a(lib_a-memset.o)
                0x0800224c                memset
 *(.glue_7)
 .glue_7        0x0800225c        0x0 linker stubs
 *(.glue_7t)
 .glue_7t       0x0800225c        0x0 linker stubs
 *(.eh_frame)
 .eh_frame      0x0800225c        0x0 d:/3.tools/arm_gcc_toolchain/20_q4_major/bin/../lib/gcc/arm-none-eabi/10.2.1/thumb/v6-m/nofp/crtbegin.o
 *(.init)
 .init          0x0800225c        0x4 d:/3.tools/arm_gcc_toolchain/20_q4_major/bin/../lib/gcc/arm-none-eabi/10.2.1/thumb/v6-m/nofp/crti.o
                0x0800225c                _init
 .init          0x08002260        0x8 d:/3.tools/arm_gcc_toolchain/20_q4_major/bin/../lib/gcc/arm-none-eabi/10.2.1/thumb/v6-m/nofp/crtn.o
 *(.fini)
 .fini          0x08002268        0x4 d:/3.tools/arm_gcc_toolchain/20_q4_major/bin/../lib/gcc/arm-none-eabi/10.2.1/thumb/v6-m/nofp/crti.o
                0x08002268                _fini
 .fini          0x0800226c        0x8 d:/3.tools/arm_gcc_toolchain/20_q4_major/bin/../lib/gcc/arm-none-eabi/10.2.1/thumb/v6-m/nofp/crtn.o
                0x08002274                . = ALIGN (0x4)
                0x08002274                _etext = .

.vfp11_veneer   0x08002274        0x0
 .vfp11_veneer  0x08002274        0x0 linker stubs

.v4_bx          0x08002274        0x0
 .v4_bx         0x08002274        0x0 linker stubs

.iplt           0x08002274        0x0
 .iplt          0x08002274        0x0 d:/3.tools/arm_gcc_toolchain/20_q4_major/bin/../lib/gcc/arm-none-eabi/10.2.1/thumb/v6-m/nofp/crtbegin.o

.rodata         0x08002274       0x58
                0x08002274                . = ALIGN (0x4)
 *(.rodata)
 *(.rodata*)
 .rodata.PWM_Output
                0x08002274       0x18 build/switch.o
 .rodata.HAL_RCC_GetSysClockFreq.str1.4
                0x0800228c       0x25 build/stm32f0xx_hal_rcc.o
 *fill*         0x080022b1        0x3 
 .rodata.AHBPrescTable
                0x080022b4       0x10 build/system_stm32f0xx.o
                0x080022b4                AHBPrescTable
 .rodata.APBPrescTable
                0x080022c4        0x8 build/system_stm32f0xx.o
                0x080022c4                APBPrescTable
                0x080022cc                . = ALIGN (0x4)

.rel.dyn        0x080022cc        0x0
 .rel.iplt      0x080022cc        0x0 d:/3.tools/arm_gcc_toolchain/20_q4_major/bin/../lib/gcc/arm-none-eabi/10.2.1/thumb/v6-m/nofp/crtbegin.o

.ARM.extab
 *(.ARM.extab* .gnu.linkonce.armextab.*)

.ARM            0x080022cc        0x0
                0x080022cc                __exidx_start = .
 *(.ARM.exidx*)
                0x080022cc                __exidx_end = .

.preinit_array  0x080022cc        0x0
                0x080022cc                PROVIDE (__preinit_array_start = .)
 *(.preinit_array*)
                0x080022cc                PROVIDE (__preinit_array_end = .)

.init_array     0x080022cc        0x4
                0x080022cc                PROVIDE (__init_array_start = .)
 *(SORT_BY_NAME(.init_array.*))
 *(.init_array*)
 .init_array    0x080022cc        0x4 d:/3.tools/arm_gcc_toolchain/20_q4_major/bin/../lib/gcc/arm-none-eabi/10.2.1/thumb/v6-m/nofp/crtbegin.o
                0x080022d0                PROVIDE (__init_array_end = .)

.fini_array     0x080022d0        0x4
                [!provide]                PROVIDE (__fini_array_start = .)
 *(SORT_BY_NAME(.fini_array.*))
 *(.fini_array*)
 .fini_array    0x080022d0        0x4 d:/3.tools/arm_gcc_toolchain/20_q4_major/bin/../lib/gcc/arm-none-eabi/10.2.1/thumb/v6-m/nofp/crtbegin.o
                [!provide]                PROVIDE (__fini_array_end = .)
                0x080022d4                _sidata = LOADADDR (.data)

.data           0x20000000        0xc load address 0x080022d4
                0x20000000                . = ALIGN (0x4)
                0x20000000                _sdata = .
 *(.data)
 *(.data*)
 .data.uwTickFreq
                0x20000000        0x1 build/stm32f0xx_hal.o
                0x20000000                uwTickFreq
 *fill*         0x20000001        0x3 
 .data.uwTickPrio
                0x20000004        0x4 build/stm32f0xx_hal.o
                0x20000004                uwTickPrio
 .data.SystemCoreClock
                0x20000008        0x4 build/system_stm32f0xx.o
                0x20000008                SystemCoreClock
                0x2000000c                . = ALIGN (0x4)
                0x2000000c                _edata = .

.igot.plt       0x2000000c        0x0 load address 0x080022e0
 .igot.plt      0x2000000c        0x0 d:/3.tools/arm_gcc_toolchain/20_q4_major/bin/../lib/gcc/arm-none-eabi/10.2.1/thumb/v6-m/nofp/crtbegin.o
                0x2000000c                . = ALIGN (0x4)

.bss            0x2000000c      0x3ec load address 0x080022e0
                0x2000000c                _sbss = .
                0x2000000c                __bss_start__ = _sbss
 *(.bss)
 .bss           0x2000000c       0x1c d:/3.tools/arm_gcc_toolchain/20_q4_major/bin/../lib/gcc/arm-none-eabi/10.2.1/thumb/v6-m/nofp/crtbegin.o
 *(.bss*)
 .bss.htim15    0x20000028       0xb4 build/main.o
                0x20000028                htim15
 .bss.htim16    0x200000dc       0xb4 build/main.o
                0x200000dc                htim16
 .bss.htim17    0x20000190       0xb4 build/main.o
                0x20000190                htim17
 .bss.htim3     0x20000244       0xb4 build/main.o
                0x20000244                htim3
 .bss.huart2    0x200002f8       0x84 build/main.o
                0x200002f8                huart2
 .bss.Os_Var    0x2000037c       0x64 build/os.o
                0x2000037c                Os_Var
 .bss.switch_counter
                0x200003e0        0x1 build/switch.o
                0x200003e0                switch_counter
 *fill*         0x200003e1        0x3 
 .bss.switch_debounce_OffTimer
                0x200003e4        0x4 build/switch.o
                0x200003e4                switch_debounce_OffTimer
 .bss.switch_debounce_OnTimer
                0x200003e8        0x4 build/switch.o
                0x200003e8                switch_debounce_OnTimer
 .bss.switch_status
                0x200003ec        0x1 build/switch.o
                0x200003ec                switch_status
 .bss.switch_statusOld.0
                0x200003ed        0x1 build/switch.o
 *fill*         0x200003ee        0x2 
 .bss.switch_timer
                0x200003f0        0x4 build/switch.o
                0x200003f0                switch_timer
 .bss.uwTick    0x200003f4        0x4 build/stm32f0xx_hal.o
                0x200003f4                uwTick
 *(COMMON)
                0x200003f8                . = ALIGN (0x4)
                0x200003f8                _ebss = .
                0x200003f8                __bss_end__ = _ebss

._user_heap_stack
                0x200003f8      0x600 load address 0x080022e0
                0x200003f8                . = ALIGN (0x8)
                [!provide]                PROVIDE (end = .)
                [!provide]                PROVIDE (_end = .)
                0x200005f8                . = (. + _Min_Heap_Size)
 *fill*         0x200003f8      0x200 
                0x200009f8                . = (. + _Min_Stack_Size)
 *fill*         0x200005f8      0x400 
                0x200009f8                . = ALIGN (0x8)

/DISCARD/
 libc.a(*)
 libm.a(*)
 libgcc.a(*)

.ARM.attributes
                0x00000000       0x28
 *(.ARM.attributes)
 .ARM.attributes
                0x00000000       0x1e d:/3.tools/arm_gcc_toolchain/20_q4_major/bin/../lib/gcc/arm-none-eabi/10.2.1/thumb/v6-m/nofp/crti.o
 .ARM.attributes
                0x0000001e       0x2c d:/3.tools/arm_gcc_toolchain/20_q4_major/bin/../lib/gcc/arm-none-eabi/10.2.1/thumb/v6-m/nofp/crtbegin.o
 .ARM.attributes
                0x0000004a       0x2c build/main.o
 .ARM.attributes
                0x00000076       0x2c build/stm32f0xx_it.o
 .ARM.attributes
                0x000000a2       0x2c build/stm32f0xx_hal_msp.o
 .ARM.attributes
                0x000000ce       0x2c build/os.o
 .ARM.attributes
                0x000000fa       0x2c build/switch.o
 .ARM.attributes
                0x00000126       0x2c build/stm32f0xx_hal_tim.o
 .ARM.attributes
                0x00000152       0x2c build/stm32f0xx_hal_tim_ex.o
 .ARM.attributes
                0x0000017e       0x2c build/stm32f0xx_hal_rcc.o
 .ARM.attributes
                0x000001aa       0x2c build/stm32f0xx_hal.o
 .ARM.attributes
                0x000001d6       0x2c build/stm32f0xx_hal_gpio.o
 .ARM.attributes
                0x00000202       0x2c build/stm32f0xx_hal_cortex.o
 .ARM.attributes
                0x0000022e       0x2c build/stm32f0xx_hal_uart.o
 .ARM.attributes
                0x0000025a       0x2c build/system_stm32f0xx.o
 .ARM.attributes
                0x00000286       0x2c build/startup_stm32f070xb.o
 .ARM.attributes
                0x000002b2       0x2c d:/3.tools/arm_gcc_toolchain/20_q4_major/bin/../lib/gcc/arm-none-eabi/10.2.1/../../../../arm-none-eabi/lib/thumb/v6-m/nofp\libc_nano.a(lib_a-init.o)
 .ARM.attributes
                0x000002de       0x2c d:/3.tools/arm_gcc_toolchain/20_q4_major/bin/../lib/gcc/arm-none-eabi/10.2.1/../../../../arm-none-eabi/lib/thumb/v6-m/nofp\libc_nano.a(lib_a-memset.o)
 .ARM.attributes
                0x0000030a       0x1e d:/3.tools/arm_gcc_toolchain/20_q4_major/bin/../lib/gcc/arm-none-eabi/10.2.1/thumb/v6-m/nofp\libgcc.a(_udivsi3.o)
 .ARM.attributes
                0x00000328       0x1e d:/3.tools/arm_gcc_toolchain/20_q4_major/bin/../lib/gcc/arm-none-eabi/10.2.1/thumb/v6-m/nofp\libgcc.a(_dvmd_tls.o)
 .ARM.attributes
                0x00000346       0x1e d:/3.tools/arm_gcc_toolchain/20_q4_major/bin/../lib/gcc/arm-none-eabi/10.2.1/thumb/v6-m/nofp/crtn.o
OUTPUT(build/AllPrime_Inverter.elf elf32-littlearm)
LOAD linker stubs
LOAD d:/3.tools/arm_gcc_toolchain/20_q4_major/bin/../lib/gcc/arm-none-eabi/10.2.1/../../../../arm-none-eabi/lib/thumb/v6-m/nofp\libc.a
LOAD d:/3.tools/arm_gcc_toolchain/20_q4_major/bin/../lib/gcc/arm-none-eabi/10.2.1/../../../../arm-none-eabi/lib/thumb/v6-m/nofp\libm.a
LOAD d:/3.tools/arm_gcc_toolchain/20_q4_major/bin/../lib/gcc/arm-none-eabi/10.2.1/thumb/v6-m/nofp\libgcc.a

.debug_info     0x00000000     0xf1a3
 .debug_info    0x00000000     0x181f build/main.o
 .debug_info    0x0000181f      0x98c build/stm32f0xx_it.o
 .debug_info    0x000021ab     0x12e9 build/stm32f0xx_hal_msp.o
 .debug_info    0x00003494      0x6e3 build/os.o
 .debug_info    0x00003b77      0x3cb build/switch.o
 .debug_info    0x00003f42     0x40f7 build/stm32f0xx_hal_tim.o
 .debug_info    0x00008039     0x1c80 build/stm32f0xx_hal_tim_ex.o
 .debug_info    0x00009cb9      0xb2b build/stm32f0xx_hal_rcc.o
 .debug_info    0x0000a7e4      0x7fa build/stm32f0xx_hal.o
 .debug_info    0x0000afde      0x6c6 build/stm32f0xx_hal_gpio.o
 .debug_info    0x0000b6a4      0x8be build/stm32f0xx_hal_cortex.o
 .debug_info    0x0000bf62     0x206d build/stm32f0xx_hal_uart.o
 .debug_info    0x0000dfcf      0x2c5 build/system_stm32f0xx.o
 .debug_info    0x0000e294      0xf0f build/startup_stm32f070xb.o

.debug_abbrev   0x00000000     0x1e90
 .debug_abbrev  0x00000000      0x29f build/main.o
 .debug_abbrev  0x0000029f      0x1cd build/stm32f0xx_it.o
 .debug_abbrev  0x0000046c      0x222 build/stm32f0xx_hal_msp.o
 .debug_abbrev  0x0000068e      0x199 build/os.o
 .debug_abbrev  0x00000827      0x15e build/switch.o
 .debug_abbrev  0x00000985      0x2d2 build/stm32f0xx_hal_tim.o
 .debug_abbrev  0x00000c57      0x2a9 build/stm32f0xx_hal_tim_ex.o
 .debug_abbrev  0x00000f00      0x294 build/stm32f0xx_hal_rcc.o
 .debug_abbrev  0x00001194      0x249 build/stm32f0xx_hal.o
 .debug_abbrev  0x000013dd      0x222 build/stm32f0xx_hal_gpio.o
 .debug_abbrev  0x000015ff      0x2ab build/stm32f0xx_hal_cortex.o
 .debug_abbrev  0x000018aa      0x28a build/stm32f0xx_hal_uart.o
 .debug_abbrev  0x00001b34      0x134 build/system_stm32f0xx.o
 .debug_abbrev  0x00001c68      0x228 build/startup_stm32f070xb.o

.debug_loc      0x00000000     0xc578
 .debug_loc     0x00000000      0x132 build/main.o
 .debug_loc     0x00000132       0x6c build/stm32f0xx_it.o
 .debug_loc     0x0000019e      0x29c build/stm32f0xx_hal_msp.o
 .debug_loc     0x0000043a      0x336 build/os.o
 .debug_loc     0x00000770       0x35 build/switch.o
 .debug_loc     0x000007a5     0x5e31 build/stm32f0xx_hal_tim.o
 .debug_loc     0x000065d6     0x239c build/stm32f0xx_hal_tim_ex.o
 .debug_loc     0x00008972      0x72b build/stm32f0xx_hal_rcc.o
 .debug_loc     0x0000909d      0x1e1 build/stm32f0xx_hal.o
 .debug_loc     0x0000927e      0x41f build/stm32f0xx_hal_gpio.o
 .debug_loc     0x0000969d      0x473 build/stm32f0xx_hal_cortex.o
 .debug_loc     0x00009b10     0x23cb build/stm32f0xx_hal_uart.o
 .debug_loc     0x0000bedb      0x16a build/system_stm32f0xx.o
 .debug_loc     0x0000c045      0x533 build/startup_stm32f070xb.o

.debug_aranges  0x00000000      0xc80
 .debug_aranges
                0x00000000       0x60 build/main.o
 .debug_aranges
                0x00000060       0x40 build/stm32f0xx_it.o
 .debug_aranges
                0x000000a0       0x48 build/stm32f0xx_hal_msp.o
 .debug_aranges
                0x000000e8       0x78 build/os.o
 .debug_aranges
                0x00000160       0x28 build/switch.o
 .debug_aranges
                0x00000188      0x3e8 build/stm32f0xx_hal_tim.o
 .debug_aranges
                0x00000570      0x168 build/stm32f0xx_hal_tim_ex.o
 .debug_aranges
                0x000006d8       0x80 build/stm32f0xx_hal_rcc.o
 .debug_aranges
                0x00000758       0xd0 build/stm32f0xx_hal.o
 .debug_aranges
                0x00000828       0x58 build/stm32f0xx_hal_gpio.o
 .debug_aranges
                0x00000880       0x78 build/stm32f0xx_hal_cortex.o
 .debug_aranges
                0x000008f8      0x218 build/stm32f0xx_hal_uart.o
 .debug_aranges
                0x00000b10       0x28 build/system_stm32f0xx.o
 .debug_aranges
                0x00000b38      0x148 build/startup_stm32f070xb.o

.debug_ranges   0x00000000      0xc18
 .debug_ranges  0x00000000       0x50 build/main.o
 .debug_ranges  0x00000050       0x30 build/stm32f0xx_it.o
 .debug_ranges  0x00000080       0x38 build/stm32f0xx_hal_msp.o
 .debug_ranges  0x000000b8       0x68 build/os.o
 .debug_ranges  0x00000120       0x18 build/switch.o
 .debug_ranges  0x00000138      0x3d8 build/stm32f0xx_hal_tim.o
 .debug_ranges  0x00000510      0x158 build/stm32f0xx_hal_tim_ex.o
 .debug_ranges  0x00000668       0x88 build/stm32f0xx_hal_rcc.o
 .debug_ranges  0x000006f0       0xc0 build/stm32f0xx_hal.o
 .debug_ranges  0x000007b0       0x48 build/stm32f0xx_hal_gpio.o
 .debug_ranges  0x000007f8       0xc8 build/stm32f0xx_hal_cortex.o
 .debug_ranges  0x000008c0      0x208 build/stm32f0xx_hal_uart.o
 .debug_ranges  0x00000ac8       0x18 build/system_stm32f0xx.o
 .debug_ranges  0x00000ae0      0x138 build/startup_stm32f070xb.o

.debug_line     0x00000000     0xc123
 .debug_line    0x00000000      0x670 build/main.o
 .debug_line    0x00000670      0x23a build/stm32f0xx_it.o
 .debug_line    0x000008aa      0x3c8 build/stm32f0xx_hal_msp.o
 .debug_line    0x00000c72      0x34a build/os.o
 .debug_line    0x00000fbc      0x29d build/switch.o
 .debug_line    0x00001259     0x4e91 build/stm32f0xx_hal_tim.o
 .debug_line    0x000060ea     0x1bc7 build/stm32f0xx_hal_tim_ex.o
 .debug_line    0x00007cb1      0xb45 build/stm32f0xx_hal_rcc.o
 .debug_line    0x000087f6      0x4e0 build/stm32f0xx_hal.o
 .debug_line    0x00008cd6      0x634 build/stm32f0xx_hal_gpio.o
 .debug_line    0x0000930a      0x4ec build/stm32f0xx_hal_cortex.o
 .debug_line    0x000097f6     0x2200 build/stm32f0xx_hal_uart.o
 .debug_line    0x0000b9f6      0x204 build/system_stm32f0xx.o
 .debug_line    0x0000bbfa      0x529 build/startup_stm32f070xb.o

.debug_str      0x00000000     0x3e98
 .debug_str     0x00000000      0xe01 build/main.o
                                0xff3 (size before relaxing)
 .debug_str     0x00000e01       0xa3 build/stm32f0xx_it.o
                                0x936 (size before relaxing)
 .debug_str     0x00000ea4      0x277 build/stm32f0xx_hal_msp.o
                                0xe46 (size before relaxing)
 .debug_str     0x0000111b      0x3c0 build/os.o
                                0x545 (size before relaxing)
 .debug_str     0x000014db       0xa2 build/switch.o
                                0x2a7 (size before relaxing)
 .debug_str     0x0000157d     0x1137 build/stm32f0xx_hal_tim.o
                               0x1bff (size before relaxing)
 .debug_str     0x000026b4      0x57b build/stm32f0xx_hal_tim_ex.o
                               0x1099 (size before relaxing)
 .debug_str     0x00002c2f      0x25f build/stm32f0xx_hal_rcc.o
                                0x63c (size before relaxing)
 .debug_str     0x00002e8e      0x267 build/stm32f0xx_hal.o
                                0x6a2 (size before relaxing)
 .debug_str     0x000030f5       0xfd build/stm32f0xx_hal_gpio.o
                                0x3db (size before relaxing)
 .debug_str     0x000031f2      0x257 build/stm32f0xx_hal_cortex.o
                                0x5ed (size before relaxing)
 .debug_str     0x00003449      0x72f build/stm32f0xx_hal_uart.o
                                0xe1e (size before relaxing)
 .debug_str     0x00003b78       0x5c build/system_stm32f0xx.o
                                0x258 (size before relaxing)
 .debug_str     0x00003bd4      0x2c4 build/startup_stm32f070xb.o
                                0xbcd (size before relaxing)

.comment        0x00000000       0x4d
 .comment       0x00000000       0x4d build/main.o
                                 0x4e (size before relaxing)
 .comment       0x0000004d       0x4e build/stm32f0xx_it.o
 .comment       0x0000004d       0x4e build/stm32f0xx_hal_msp.o
 .comment       0x0000004d       0x4e build/os.o
 .comment       0x0000004d       0x4e build/switch.o
 .comment       0x0000004d       0x4e build/stm32f0xx_hal_tim.o
 .comment       0x0000004d       0x4e build/stm32f0xx_hal_tim_ex.o
 .comment       0x0000004d       0x4e build/stm32f0xx_hal_rcc.o
 .comment       0x0000004d       0x4e build/stm32f0xx_hal.o
 .comment       0x0000004d       0x4e build/stm32f0xx_hal_gpio.o
 .comment       0x0000004d       0x4e build/stm32f0xx_hal_cortex.o
 .comment       0x0000004d       0x4e build/stm32f0xx_hal_uart.o
 .comment       0x0000004d       0x4e build/system_stm32f0xx.o
 .comment       0x0000004d       0x4e build/startup_stm32f070xb.o

.debug_frame    0x00000000     0x20f0
 .debug_frame   0x00000000       0xe8 build/main.o
 .debug_frame   0x000000e8       0x68 build/stm32f0xx_it.o
 .debug_frame   0x00000150       0xa4 build/stm32f0xx_hal_msp.o
 .debug_frame   0x000001f4      0x108 build/os.o
 .debug_frame   0x000002fc       0x38 build/switch.o
 .debug_frame   0x00000334      0xb20 build/stm32f0xx_hal_tim.o
 .debug_frame   0x00000e54      0x418 build/stm32f0xx_hal_tim_ex.o
 .debug_frame   0x0000126c      0x13c build/stm32f0xx_hal_rcc.o
 .debug_frame   0x000013a8      0x1ac build/stm32f0xx_hal.o
 .debug_frame   0x00001554       0xc8 build/stm32f0xx_hal_gpio.o
 .debug_frame   0x0000161c       0xe4 build/stm32f0xx_hal_cortex.o
 .debug_frame   0x00001700      0x5b4 build/stm32f0xx_hal_uart.o
 .debug_frame   0x00001cb4       0x38 build/system_stm32f0xx.o
 .debug_frame   0x00001cec      0x398 build/startup_stm32f070xb.o
 .debug_frame   0x00002084       0x2c d:/3.tools/arm_gcc_toolchain/20_q4_major/bin/../lib/gcc/arm-none-eabi/10.2.1/../../../../arm-none-eabi/lib/thumb/v6-m/nofp\libc_nano.a(lib_a-init.o)
 .debug_frame   0x000020b0       0x20 d:/3.tools/arm_gcc_toolchain/20_q4_major/bin/../lib/gcc/arm-none-eabi/10.2.1/../../../../arm-none-eabi/lib/thumb/v6-m/nofp\libc_nano.a(lib_a-memset.o)
 .debug_frame   0x000020d0       0x20 d:/3.tools/arm_gcc_toolchain/20_q4_major/bin/../lib/gcc/arm-none-eabi/10.2.1/thumb/v6-m/nofp\libgcc.a(_udivsi3.o)

Cross Reference Table

Symbol                                            File
ADC1_IRQHandler                                   build/startup_stm32f070xb.o
AHBPrescTable                                     build/system_stm32f0xx.o
                                                  build/stm32f0xx_hal_rcc.o
APBPrescTable                                     build/system_stm32f0xx.o
                                                  build/stm32f0xx_hal_rcc.o
DMA1_Channel1_IRQHandler                          build/startup_stm32f070xb.o
DMA1_Channel2_3_IRQHandler                        build/startup_stm32f070xb.o
DMA1_Channel4_5_IRQHandler                        build/startup_stm32f070xb.o
Default_Handler                                   build/startup_stm32f070xb.o
EXTI0_1_IRQHandler                                build/startup_stm32f070xb.o
EXTI2_3_IRQHandler                                build/startup_stm32f070xb.o
EXTI4_15_IRQHandler                               build/startup_stm32f070xb.o
Error_Handler                                     build/main.o
FLASH_IRQHandler                                  build/startup_stm32f070xb.o
FLASH_PageErase                                   build/stm32f0xx_hal_flash_ex.o
                                                  build/stm32f0xx_hal_flash.o
FLASH_WaitForLastOperation                        build/stm32f0xx_hal_flash.o
                                                  build/stm32f0xx_hal_flash_ex.o
HAL_DBGMCU_DisableDBGStandbyMode                  build/stm32f0xx_hal.o
HAL_DBGMCU_DisableDBGStopMode                     build/stm32f0xx_hal.o
HAL_DBGMCU_EnableDBGStandbyMode                   build/stm32f0xx_hal.o
HAL_DBGMCU_EnableDBGStopMode                      build/stm32f0xx_hal.o
HAL_DMA_Abort                                     build/stm32f0xx_hal_dma.o
                                                  build/stm32f0xx_hal_uart.o
HAL_DMA_Abort_IT                                  build/stm32f0xx_hal_dma.o
                                                  build/stm32f0xx_hal_uart.o
                                                  build/stm32f0xx_hal_i2c.o
                                                  build/stm32f0xx_hal_tim_ex.o
                                                  build/stm32f0xx_hal_tim.o
HAL_DMA_DeInit                                    build/stm32f0xx_hal_dma.o
HAL_DMA_GetError                                  build/stm32f0xx_hal_dma.o
                                                  build/stm32f0xx_hal_uart.o
HAL_DMA_GetState                                  build/stm32f0xx_hal_dma.o
                                                  build/stm32f0xx_hal_i2c.o
HAL_DMA_IRQHandler                                build/stm32f0xx_hal_dma.o
HAL_DMA_Init                                      build/stm32f0xx_hal_dma.o
HAL_DMA_PollForTransfer                           build/stm32f0xx_hal_dma.o
HAL_DMA_RegisterCallback                          build/stm32f0xx_hal_dma.o
HAL_DMA_Start                                     build/stm32f0xx_hal_dma.o
HAL_DMA_Start_IT                                  build/stm32f0xx_hal_dma.o
                                                  build/stm32f0xx_hal_uart.o
                                                  build/stm32f0xx_hal_i2c.o
                                                  build/stm32f0xx_hal_tim_ex.o
                                                  build/stm32f0xx_hal_tim.o
HAL_DMA_UnRegisterCallback                        build/stm32f0xx_hal_dma.o
HAL_DeInit                                        build/stm32f0xx_hal.o
HAL_Delay                                         build/stm32f0xx_hal.o
HAL_EXTI_ClearConfigLine                          build/stm32f0xx_hal_exti.o
HAL_EXTI_ClearPending                             build/stm32f0xx_hal_exti.o
HAL_EXTI_GenerateSWI                              build/stm32f0xx_hal_exti.o
HAL_EXTI_GetConfigLine                            build/stm32f0xx_hal_exti.o
HAL_EXTI_GetHandle                                build/stm32f0xx_hal_exti.o
HAL_EXTI_GetPending                               build/stm32f0xx_hal_exti.o
HAL_EXTI_IRQHandler                               build/stm32f0xx_hal_exti.o
HAL_EXTI_RegisterCallback                         build/stm32f0xx_hal_exti.o
HAL_EXTI_SetConfigLine                            build/stm32f0xx_hal_exti.o
HAL_FLASHEx_Erase                                 build/stm32f0xx_hal_flash_ex.o
HAL_FLASHEx_Erase_IT                              build/stm32f0xx_hal_flash_ex.o
HAL_FLASHEx_OBErase                               build/stm32f0xx_hal_flash_ex.o
HAL_FLASHEx_OBGetConfig                           build/stm32f0xx_hal_flash_ex.o
HAL_FLASHEx_OBGetUserData                         build/stm32f0xx_hal_flash_ex.o
HAL_FLASHEx_OBProgram                             build/stm32f0xx_hal_flash_ex.o
HAL_FLASH_EndOfOperationCallback                  build/stm32f0xx_hal_flash.o
HAL_FLASH_GetError                                build/stm32f0xx_hal_flash.o
HAL_FLASH_IRQHandler                              build/stm32f0xx_hal_flash.o
HAL_FLASH_Lock                                    build/stm32f0xx_hal_flash.o
HAL_FLASH_OB_Launch                               build/stm32f0xx_hal_flash.o
HAL_FLASH_OB_Lock                                 build/stm32f0xx_hal_flash.o
HAL_FLASH_OB_Unlock                               build/stm32f0xx_hal_flash.o
HAL_FLASH_OperationErrorCallback                  build/stm32f0xx_hal_flash.o
HAL_FLASH_Program                                 build/stm32f0xx_hal_flash.o
HAL_FLASH_Program_IT                              build/stm32f0xx_hal_flash.o
HAL_FLASH_Unlock                                  build/stm32f0xx_hal_flash.o
HAL_GPIO_DeInit                                   build/stm32f0xx_hal_gpio.o
                                                  build/stm32f0xx_hal_msp.o
HAL_GPIO_EXTI_Callback                            build/stm32f0xx_hal_gpio.o
HAL_GPIO_EXTI_IRQHandler                          build/stm32f0xx_hal_gpio.o
HAL_GPIO_Init                                     build/stm32f0xx_hal_gpio.o
                                                  build/stm32f0xx_hal_rcc.o
                                                  build/stm32f0xx_hal_msp.o
                                                  build/main.o
HAL_GPIO_LockPin                                  build/stm32f0xx_hal_gpio.o
HAL_GPIO_ReadPin                                  build/stm32f0xx_hal_gpio.o
                                                  build/switch.o
HAL_GPIO_TogglePin                                build/stm32f0xx_hal_gpio.o
HAL_GPIO_WritePin                                 build/stm32f0xx_hal_gpio.o
                                                  build/main.o
HAL_GetDEVID                                      build/stm32f0xx_hal.o
HAL_GetHalVersion                                 build/stm32f0xx_hal.o
HAL_GetREVID                                      build/stm32f0xx_hal.o
HAL_GetTick                                       build/stm32f0xx_hal.o
                                                  build/stm32f0xx_hal_uart_ex.o
                                                  build/stm32f0xx_hal_uart.o
                                                  build/stm32f0xx_hal_flash.o
                                                  build/stm32f0xx_hal_dma.o
                                                  build/stm32f0xx_hal_i2c.o
                                                  build/stm32f0xx_hal_rcc_ex.o
                                                  build/stm32f0xx_hal_rcc.o
HAL_GetTickFreq                                   build/stm32f0xx_hal.o
HAL_GetTickPrio                                   build/stm32f0xx_hal.o
HAL_GetUIDw0                                      build/stm32f0xx_hal.o
HAL_GetUIDw1                                      build/stm32f0xx_hal.o
HAL_GetUIDw2                                      build/stm32f0xx_hal.o
HAL_HalfDuplex_EnableReceiver                     build/stm32f0xx_hal_uart.o
HAL_HalfDuplex_EnableTransmitter                  build/stm32f0xx_hal_uart.o
HAL_HalfDuplex_Init                               build/stm32f0xx_hal_uart.o
HAL_I2CEx_ConfigAnalogFilter                      build/stm32f0xx_hal_i2c_ex.o
HAL_I2CEx_ConfigDigitalFilter                     build/stm32f0xx_hal_i2c_ex.o
HAL_I2CEx_DisableFastModePlus                     build/stm32f0xx_hal_i2c_ex.o
HAL_I2CEx_EnableFastModePlus                      build/stm32f0xx_hal_i2c_ex.o
HAL_I2C_AbortCpltCallback                         build/stm32f0xx_hal_i2c.o
HAL_I2C_AddrCallback                              build/stm32f0xx_hal_i2c.o
HAL_I2C_DeInit                                    build/stm32f0xx_hal_i2c.o
HAL_I2C_DisableListen_IT                          build/stm32f0xx_hal_i2c.o
HAL_I2C_ER_IRQHandler                             build/stm32f0xx_hal_i2c.o
HAL_I2C_EV_IRQHandler                             build/stm32f0xx_hal_i2c.o
HAL_I2C_EnableListen_IT                           build/stm32f0xx_hal_i2c.o
HAL_I2C_ErrorCallback                             build/stm32f0xx_hal_i2c.o
HAL_I2C_GetError                                  build/stm32f0xx_hal_i2c.o
HAL_I2C_GetMode                                   build/stm32f0xx_hal_i2c.o
HAL_I2C_GetState                                  build/stm32f0xx_hal_i2c.o
HAL_I2C_Init                                      build/stm32f0xx_hal_i2c.o
HAL_I2C_IsDeviceReady                             build/stm32f0xx_hal_i2c.o
HAL_I2C_ListenCpltCallback                        build/stm32f0xx_hal_i2c.o
HAL_I2C_MasterRxCpltCallback                      build/stm32f0xx_hal_i2c.o
HAL_I2C_MasterTxCpltCallback                      build/stm32f0xx_hal_i2c.o
HAL_I2C_Master_Abort_IT                           build/stm32f0xx_hal_i2c.o
HAL_I2C_Master_Receive                            build/stm32f0xx_hal_i2c.o
HAL_I2C_Master_Receive_DMA                        build/stm32f0xx_hal_i2c.o
HAL_I2C_Master_Receive_IT                         build/stm32f0xx_hal_i2c.o
HAL_I2C_Master_Seq_Receive_DMA                    build/stm32f0xx_hal_i2c.o
HAL_I2C_Master_Seq_Receive_IT                     build/stm32f0xx_hal_i2c.o
HAL_I2C_Master_Seq_Transmit_DMA                   build/stm32f0xx_hal_i2c.o
HAL_I2C_Master_Seq_Transmit_IT                    build/stm32f0xx_hal_i2c.o
HAL_I2C_Master_Transmit                           build/stm32f0xx_hal_i2c.o
HAL_I2C_Master_Transmit_DMA                       build/stm32f0xx_hal_i2c.o
HAL_I2C_Master_Transmit_IT                        build/stm32f0xx_hal_i2c.o
HAL_I2C_MemRxCpltCallback                         build/stm32f0xx_hal_i2c.o
HAL_I2C_MemTxCpltCallback                         build/stm32f0xx_hal_i2c.o
HAL_I2C_Mem_Read                                  build/stm32f0xx_hal_i2c.o
HAL_I2C_Mem_Read_DMA                              build/stm32f0xx_hal_i2c.o
HAL_I2C_Mem_Read_IT                               build/stm32f0xx_hal_i2c.o
HAL_I2C_Mem_Write                                 build/stm32f0xx_hal_i2c.o
HAL_I2C_Mem_Write_DMA                             build/stm32f0xx_hal_i2c.o
HAL_I2C_Mem_Write_IT                              build/stm32f0xx_hal_i2c.o
HAL_I2C_MspDeInit                                 build/stm32f0xx_hal_i2c.o
HAL_I2C_MspInit                                   build/stm32f0xx_hal_i2c.o
HAL_I2C_SlaveRxCpltCallback                       build/stm32f0xx_hal_i2c.o
HAL_I2C_SlaveTxCpltCallback                       build/stm32f0xx_hal_i2c.o
HAL_I2C_Slave_Receive                             build/stm32f0xx_hal_i2c.o
HAL_I2C_Slave_Receive_DMA                         build/stm32f0xx_hal_i2c.o
HAL_I2C_Slave_Receive_IT                          build/stm32f0xx_hal_i2c.o
HAL_I2C_Slave_Seq_Receive_DMA                     build/stm32f0xx_hal_i2c.o
HAL_I2C_Slave_Seq_Receive_IT                      build/stm32f0xx_hal_i2c.o
HAL_I2C_Slave_Seq_Transmit_DMA                    build/stm32f0xx_hal_i2c.o
HAL_I2C_Slave_Seq_Transmit_IT                     build/stm32f0xx_hal_i2c.o
HAL_I2C_Slave_Transmit                            build/stm32f0xx_hal_i2c.o
HAL_I2C_Slave_Transmit_DMA                        build/stm32f0xx_hal_i2c.o
HAL_I2C_Slave_Transmit_IT                         build/stm32f0xx_hal_i2c.o
HAL_IncTick                                       build/stm32f0xx_hal.o
HAL_Init                                          build/stm32f0xx_hal.o
                                                  build/main.o
HAL_InitTick                                      build/stm32f0xx_hal.o
                                                  build/stm32f0xx_hal_rcc.o
HAL_MspDeInit                                     build/stm32f0xx_hal.o
HAL_MspInit                                       build/stm32f0xx_hal_msp.o
HAL_MultiProcessorEx_AddressLength_Set            build/stm32f0xx_hal_uart_ex.o
HAL_MultiProcessor_DisableMuteMode                build/stm32f0xx_hal_uart.o
HAL_MultiProcessor_EnableMuteMode                 build/stm32f0xx_hal_uart.o
HAL_MultiProcessor_EnterMuteMode                  build/stm32f0xx_hal_uart.o
HAL_MultiProcessor_Init                           build/stm32f0xx_hal_uart.o
HAL_NVIC_ClearPendingIRQ                          build/stm32f0xx_hal_cortex.o
HAL_NVIC_DisableIRQ                               build/stm32f0xx_hal_cortex.o
                                                  build/stm32f0xx_hal_msp.o
HAL_NVIC_EnableIRQ                                build/stm32f0xx_hal_cortex.o
                                                  build/stm32f0xx_hal_msp.o
HAL_NVIC_GetPendingIRQ                            build/stm32f0xx_hal_cortex.o
HAL_NVIC_GetPriority                              build/stm32f0xx_hal_cortex.o
HAL_NVIC_SetPendingIRQ                            build/stm32f0xx_hal_cortex.o
HAL_NVIC_SetPriority                              build/stm32f0xx_hal_cortex.o
                                                  build/stm32f0xx_hal.o
                                                  build/stm32f0xx_hal_msp.o
HAL_NVIC_SystemReset                              build/stm32f0xx_hal_cortex.o
HAL_PWR_DeInit                                    build/stm32f0xx_hal_pwr.o
HAL_PWR_DisableBkUpAccess                         build/stm32f0xx_hal_pwr.o
HAL_PWR_DisableSEVOnPend                          build/stm32f0xx_hal_pwr.o
HAL_PWR_DisableSleepOnExit                        build/stm32f0xx_hal_pwr.o
HAL_PWR_DisableWakeUpPin                          build/stm32f0xx_hal_pwr.o
HAL_PWR_EnableBkUpAccess                          build/stm32f0xx_hal_pwr.o
HAL_PWR_EnableSEVOnPend                           build/stm32f0xx_hal_pwr.o
HAL_PWR_EnableSleepOnExit                         build/stm32f0xx_hal_pwr.o
HAL_PWR_EnableWakeUpPin                           build/stm32f0xx_hal_pwr.o
HAL_PWR_EnterSLEEPMode                            build/stm32f0xx_hal_pwr.o
HAL_PWR_EnterSTANDBYMode                          build/stm32f0xx_hal_pwr.o
HAL_PWR_EnterSTOPMode                             build/stm32f0xx_hal_pwr.o
HAL_RCCEx_GetPeriphCLKConfig                      build/stm32f0xx_hal_rcc_ex.o
HAL_RCCEx_GetPeriphCLKFreq                        build/stm32f0xx_hal_rcc_ex.o
HAL_RCCEx_PeriphCLKConfig                         build/stm32f0xx_hal_rcc_ex.o
HAL_RCC_CSSCallback                               build/stm32f0xx_hal_rcc.o
HAL_RCC_ClockConfig                               build/stm32f0xx_hal_rcc.o
                                                  build/main.o
HAL_RCC_DeInit                                    build/stm32f0xx_hal_rcc.o
HAL_RCC_DisableCSS                                build/stm32f0xx_hal_rcc.o
HAL_RCC_EnableCSS                                 build/stm32f0xx_hal_rcc.o
HAL_RCC_GetClockConfig                            build/stm32f0xx_hal_rcc.o
HAL_RCC_GetHCLKFreq                               build/stm32f0xx_hal_rcc.o
HAL_RCC_GetOscConfig                              build/stm32f0xx_hal_rcc.o
HAL_RCC_GetPCLK1Freq                              build/stm32f0xx_hal_rcc.o
                                                  build/stm32f0xx_hal_uart.o
                                                  build/stm32f0xx_hal_rcc_ex.o
HAL_RCC_GetSysClockFreq                           build/stm32f0xx_hal_rcc.o
                                                  build/stm32f0xx_hal_uart.o
                                                  build/stm32f0xx_hal_rcc_ex.o
HAL_RCC_MCOConfig                                 build/stm32f0xx_hal_rcc.o
HAL_RCC_NMI_IRQHandler                            build/stm32f0xx_hal_rcc.o
HAL_RCC_OscConfig                                 build/stm32f0xx_hal_rcc.o
                                                  build/main.o
HAL_RS485Ex_Init                                  build/stm32f0xx_hal_uart_ex.o
HAL_ResumeTick                                    build/stm32f0xx_hal.o
HAL_SYSTICK_CLKSourceConfig                       build/stm32f0xx_hal_cortex.o
HAL_SYSTICK_Callback                              build/stm32f0xx_hal_cortex.o
HAL_SYSTICK_Config                                build/stm32f0xx_hal_cortex.o
                                                  build/stm32f0xx_hal.o
HAL_SYSTICK_IRQHandler                            build/stm32f0xx_hal_cortex.o
HAL_SetTickFreq                                   build/stm32f0xx_hal.o
HAL_SuspendTick                                   build/stm32f0xx_hal.o
HAL_TIMEx_BreakCallback                           build/stm32f0xx_hal_tim_ex.o
                                                  build/stm32f0xx_hal_tim.o
HAL_TIMEx_CommutCallback                          build/stm32f0xx_hal_tim_ex.o
                                                  build/stm32f0xx_hal_tim.o
HAL_TIMEx_CommutHalfCpltCallback                  build/stm32f0xx_hal_tim_ex.o
                                                  build/stm32f0xx_hal_tim.o
HAL_TIMEx_ConfigBreakDeadTime                     build/stm32f0xx_hal_tim_ex.o
HAL_TIMEx_ConfigCommutEvent                       build/stm32f0xx_hal_tim_ex.o
HAL_TIMEx_ConfigCommutEvent_DMA                   build/stm32f0xx_hal_tim_ex.o
HAL_TIMEx_ConfigCommutEvent_IT                    build/stm32f0xx_hal_tim_ex.o
HAL_TIMEx_GetChannelNState                        build/stm32f0xx_hal_tim_ex.o
HAL_TIMEx_HallSensor_DeInit                       build/stm32f0xx_hal_tim_ex.o
HAL_TIMEx_HallSensor_GetState                     build/stm32f0xx_hal_tim_ex.o
HAL_TIMEx_HallSensor_Init                         build/stm32f0xx_hal_tim_ex.o
HAL_TIMEx_HallSensor_MspDeInit                    build/stm32f0xx_hal_tim_ex.o
                                                  build/stm32f0xx_hal_tim.o
HAL_TIMEx_HallSensor_MspInit                      build/stm32f0xx_hal_tim_ex.o
                                                  build/stm32f0xx_hal_tim.o
HAL_TIMEx_HallSensor_Start                        build/stm32f0xx_hal_tim_ex.o
HAL_TIMEx_HallSensor_Start_DMA                    build/stm32f0xx_hal_tim_ex.o
HAL_TIMEx_HallSensor_Start_IT                     build/stm32f0xx_hal_tim_ex.o
HAL_TIMEx_HallSensor_Stop                         build/stm32f0xx_hal_tim_ex.o
HAL_TIMEx_HallSensor_Stop_DMA                     build/stm32f0xx_hal_tim_ex.o
HAL_TIMEx_HallSensor_Stop_IT                      build/stm32f0xx_hal_tim_ex.o
HAL_TIMEx_MasterConfigSynchronization             build/stm32f0xx_hal_tim_ex.o
                                                  build/main.o
HAL_TIMEx_OCN_Start                               build/stm32f0xx_hal_tim_ex.o
HAL_TIMEx_OCN_Start_DMA                           build/stm32f0xx_hal_tim_ex.o
HAL_TIMEx_OCN_Start_IT                            build/stm32f0xx_hal_tim_ex.o
HAL_TIMEx_OCN_Stop                                build/stm32f0xx_hal_tim_ex.o
HAL_TIMEx_OCN_Stop_DMA                            build/stm32f0xx_hal_tim_ex.o
HAL_TIMEx_OCN_Stop_IT                             build/stm32f0xx_hal_tim_ex.o
HAL_TIMEx_OnePulseN_Start                         build/stm32f0xx_hal_tim_ex.o
HAL_TIMEx_OnePulseN_Start_IT                      build/stm32f0xx_hal_tim_ex.o
HAL_TIMEx_OnePulseN_Stop                          build/stm32f0xx_hal_tim_ex.o
HAL_TIMEx_OnePulseN_Stop_IT                       build/stm32f0xx_hal_tim_ex.o
HAL_TIMEx_PWMN_Start                              build/stm32f0xx_hal_tim_ex.o
HAL_TIMEx_PWMN_Start_DMA                          build/stm32f0xx_hal_tim_ex.o
HAL_TIMEx_PWMN_Start_IT                           build/stm32f0xx_hal_tim_ex.o
HAL_TIMEx_PWMN_Stop                               build/stm32f0xx_hal_tim_ex.o
HAL_TIMEx_PWMN_Stop_DMA                           build/stm32f0xx_hal_tim_ex.o
HAL_TIMEx_PWMN_Stop_IT                            build/stm32f0xx_hal_tim_ex.o
HAL_TIMEx_RemapConfig                             build/stm32f0xx_hal_tim_ex.o
HAL_TIM_Base_DeInit                               build/stm32f0xx_hal_tim.o
HAL_TIM_Base_GetState                             build/stm32f0xx_hal_tim.o
HAL_TIM_Base_Init                                 build/stm32f0xx_hal_tim.o
                                                  build/main.o
HAL_TIM_Base_MspDeInit                            build/stm32f0xx_hal_msp.o
HAL_TIM_Base_MspInit                              build/stm32f0xx_hal_msp.o
HAL_TIM_Base_Start                                build/stm32f0xx_hal_tim.o
HAL_TIM_Base_Start_DMA                            build/stm32f0xx_hal_tim.o
HAL_TIM_Base_Start_IT                             build/stm32f0xx_hal_tim.o
                                                  build/main.o
HAL_TIM_Base_Stop                                 build/stm32f0xx_hal_tim.o
HAL_TIM_Base_Stop_DMA                             build/stm32f0xx_hal_tim.o
HAL_TIM_Base_Stop_IT                              build/stm32f0xx_hal_tim.o
HAL_TIM_ConfigClockSource                         build/stm32f0xx_hal_tim.o
                                                  build/main.o
HAL_TIM_ConfigOCrefClear                          build/stm32f0xx_hal_tim.o
HAL_TIM_ConfigTI1Input                            build/stm32f0xx_hal_tim.o
HAL_TIM_DMABurstState                             build/stm32f0xx_hal_tim.o
HAL_TIM_DMABurst_MultiReadStart                   build/stm32f0xx_hal_tim.o
HAL_TIM_DMABurst_MultiWriteStart                  build/stm32f0xx_hal_tim.o
HAL_TIM_DMABurst_ReadStart                        build/stm32f0xx_hal_tim.o
HAL_TIM_DMABurst_ReadStop                         build/stm32f0xx_hal_tim.o
HAL_TIM_DMABurst_WriteStart                       build/stm32f0xx_hal_tim.o
HAL_TIM_DMABurst_WriteStop                        build/stm32f0xx_hal_tim.o
HAL_TIM_Encoder_DeInit                            build/stm32f0xx_hal_tim.o
HAL_TIM_Encoder_GetState                          build/stm32f0xx_hal_tim.o
HAL_TIM_Encoder_Init                              build/stm32f0xx_hal_tim.o
HAL_TIM_Encoder_MspDeInit                         build/stm32f0xx_hal_tim.o
HAL_TIM_Encoder_MspInit                           build/stm32f0xx_hal_tim.o
HAL_TIM_Encoder_Start                             build/stm32f0xx_hal_tim.o
HAL_TIM_Encoder_Start_DMA                         build/stm32f0xx_hal_tim.o
HAL_TIM_Encoder_Start_IT                          build/stm32f0xx_hal_tim.o
HAL_TIM_Encoder_Stop                              build/stm32f0xx_hal_tim.o
HAL_TIM_Encoder_Stop_DMA                          build/stm32f0xx_hal_tim.o
HAL_TIM_Encoder_Stop_IT                           build/stm32f0xx_hal_tim.o
HAL_TIM_ErrorCallback                             build/stm32f0xx_hal_tim.o
HAL_TIM_GenerateEvent                             build/stm32f0xx_hal_tim.o
HAL_TIM_GetActiveChannel                          build/stm32f0xx_hal_tim.o
HAL_TIM_GetChannelState                           build/stm32f0xx_hal_tim.o
HAL_TIM_IC_CaptureCallback                        build/stm32f0xx_hal_tim.o
HAL_TIM_IC_CaptureHalfCpltCallback                build/stm32f0xx_hal_tim.o
HAL_TIM_IC_ConfigChannel                          build/stm32f0xx_hal_tim.o
HAL_TIM_IC_DeInit                                 build/stm32f0xx_hal_tim.o
HAL_TIM_IC_GetState                               build/stm32f0xx_hal_tim.o
HAL_TIM_IC_Init                                   build/stm32f0xx_hal_tim.o
HAL_TIM_IC_MspDeInit                              build/stm32f0xx_hal_tim.o
HAL_TIM_IC_MspInit                                build/stm32f0xx_hal_tim.o
HAL_TIM_IC_Start                                  build/stm32f0xx_hal_tim.o
HAL_TIM_IC_Start_DMA                              build/stm32f0xx_hal_tim.o
HAL_TIM_IC_Start_IT                               build/stm32f0xx_hal_tim.o
HAL_TIM_IC_Stop                                   build/stm32f0xx_hal_tim.o
HAL_TIM_IC_Stop_DMA                               build/stm32f0xx_hal_tim.o
HAL_TIM_IC_Stop_IT                                build/stm32f0xx_hal_tim.o
HAL_TIM_IRQHandler                                build/stm32f0xx_hal_tim.o
                                                  build/startup_stm32f070xb.o
HAL_TIM_MspPostInit                               build/stm32f0xx_hal_msp.o
                                                  build/main.o
HAL_TIM_OC_ConfigChannel                          build/stm32f0xx_hal_tim.o
HAL_TIM_OC_DeInit                                 build/stm32f0xx_hal_tim.o
HAL_TIM_OC_DelayElapsedCallback                   build/stm32f0xx_hal_tim.o
HAL_TIM_OC_GetState                               build/stm32f0xx_hal_tim.o
HAL_TIM_OC_Init                                   build/stm32f0xx_hal_tim.o
HAL_TIM_OC_MspDeInit                              build/stm32f0xx_hal_tim.o
HAL_TIM_OC_MspInit                                build/stm32f0xx_hal_tim.o
HAL_TIM_OC_Start                                  build/stm32f0xx_hal_tim.o
HAL_TIM_OC_Start_DMA                              build/stm32f0xx_hal_tim.o
HAL_TIM_OC_Start_IT                               build/stm32f0xx_hal_tim.o
HAL_TIM_OC_Stop                                   build/stm32f0xx_hal_tim.o
HAL_TIM_OC_Stop_DMA                               build/stm32f0xx_hal_tim.o
HAL_TIM_OC_Stop_IT                                build/stm32f0xx_hal_tim.o
HAL_TIM_OnePulse_ConfigChannel                    build/stm32f0xx_hal_tim.o
HAL_TIM_OnePulse_DeInit                           build/stm32f0xx_hal_tim.o
HAL_TIM_OnePulse_GetState                         build/stm32f0xx_hal_tim.o
HAL_TIM_OnePulse_Init                             build/stm32f0xx_hal_tim.o
HAL_TIM_OnePulse_MspDeInit                        build/stm32f0xx_hal_tim.o
HAL_TIM_OnePulse_MspInit                          build/stm32f0xx_hal_tim.o
HAL_TIM_OnePulse_Start                            build/stm32f0xx_hal_tim.o
HAL_TIM_OnePulse_Start_IT                         build/stm32f0xx_hal_tim.o
HAL_TIM_OnePulse_Stop                             build/stm32f0xx_hal_tim.o
HAL_TIM_OnePulse_Stop_IT                          build/stm32f0xx_hal_tim.o
HAL_TIM_PWM_ConfigChannel                         build/stm32f0xx_hal_tim.o
                                                  build/main.o
HAL_TIM_PWM_DeInit                                build/stm32f0xx_hal_tim.o
HAL_TIM_PWM_GetState                              build/stm32f0xx_hal_tim.o
HAL_TIM_PWM_Init                                  build/stm32f0xx_hal_tim.o
                                                  build/main.o
HAL_TIM_PWM_MspDeInit                             build/stm32f0xx_hal_tim.o
HAL_TIM_PWM_MspInit                               build/stm32f0xx_hal_tim.o
HAL_TIM_PWM_PulseFinishedCallback                 build/stm32f0xx_hal_tim.o
HAL_TIM_PWM_PulseFinishedHalfCpltCallback         build/stm32f0xx_hal_tim.o
HAL_TIM_PWM_Start                                 build/stm32f0xx_hal_tim.o
                                                  build/main.o
HAL_TIM_PWM_Start_DMA                             build/stm32f0xx_hal_tim.o
HAL_TIM_PWM_Start_IT                              build/stm32f0xx_hal_tim.o
HAL_TIM_PWM_Stop                                  build/stm32f0xx_hal_tim.o
HAL_TIM_PWM_Stop_DMA                              build/stm32f0xx_hal_tim.o
HAL_TIM_PWM_Stop_IT                               build/stm32f0xx_hal_tim.o
HAL_TIM_PeriodElapsedCallback                     build/stm32f0xx_it.o
HAL_TIM_PeriodElapsedHalfCpltCallback             build/stm32f0xx_hal_tim.o
HAL_TIM_ReadCapturedValue                         build/stm32f0xx_hal_tim.o
HAL_TIM_RegisterCallback                          build/stm32f0xx_hal_tim.o
HAL_TIM_SlaveConfigSynchro                        build/stm32f0xx_hal_tim.o
HAL_TIM_SlaveConfigSynchro_IT                     build/stm32f0xx_hal_tim.o
HAL_TIM_TriggerCallback                           build/stm32f0xx_hal_tim.o
HAL_TIM_TriggerHalfCpltCallback                   build/stm32f0xx_hal_tim.o
HAL_TIM_UnRegisterCallback                        build/stm32f0xx_hal_tim.o
HAL_UARTEx_ReceiveToIdle                          build/stm32f0xx_hal_uart_ex.o
HAL_UARTEx_ReceiveToIdle_DMA                      build/stm32f0xx_hal_uart_ex.o
HAL_UARTEx_ReceiveToIdle_IT                       build/stm32f0xx_hal_uart_ex.o
HAL_UARTEx_RxEventCallback                        build/stm32f0xx_hal_uart.o
HAL_UART_Abort                                    build/stm32f0xx_hal_uart.o
HAL_UART_AbortCpltCallback                        build/stm32f0xx_hal_uart.o
HAL_UART_AbortReceive                             build/stm32f0xx_hal_uart.o
HAL_UART_AbortReceiveCpltCallback                 build/stm32f0xx_hal_uart.o
HAL_UART_AbortReceive_IT                          build/stm32f0xx_hal_uart.o
HAL_UART_AbortTransmit                            build/stm32f0xx_hal_uart.o
HAL_UART_AbortTransmitCpltCallback                build/stm32f0xx_hal_uart.o
HAL_UART_AbortTransmit_IT                         build/stm32f0xx_hal_uart.o
HAL_UART_Abort_IT                                 build/stm32f0xx_hal_uart.o
HAL_UART_DMAPause                                 build/stm32f0xx_hal_uart.o
HAL_UART_DMAResume                                build/stm32f0xx_hal_uart.o
HAL_UART_DMAStop                                  build/stm32f0xx_hal_uart.o
HAL_UART_DeInit                                   build/stm32f0xx_hal_uart.o
HAL_UART_DisableReceiverTimeout                   build/stm32f0xx_hal_uart.o
HAL_UART_EnableReceiverTimeout                    build/stm32f0xx_hal_uart.o
HAL_UART_ErrorCallback                            build/stm32f0xx_hal_uart.o
HAL_UART_GetError                                 build/stm32f0xx_hal_uart.o
HAL_UART_GetState                                 build/stm32f0xx_hal_uart.o
HAL_UART_IRQHandler                               build/stm32f0xx_hal_uart.o
HAL_UART_Init                                     build/stm32f0xx_hal_uart.o
                                                  build/main.o
HAL_UART_MspDeInit                                build/stm32f0xx_hal_msp.o
HAL_UART_MspInit                                  build/stm32f0xx_hal_msp.o
                                                  build/stm32f0xx_hal_uart_ex.o
HAL_UART_Receive                                  build/stm32f0xx_hal_uart.o
HAL_UART_Receive_DMA                              build/stm32f0xx_hal_uart.o
HAL_UART_Receive_IT                               build/stm32f0xx_hal_uart.o
HAL_UART_ReceiverTimeout_Config                   build/stm32f0xx_hal_uart.o
HAL_UART_RxCpltCallback                           build/stm32f0xx_hal_uart.o
HAL_UART_RxHalfCpltCallback                       build/stm32f0xx_hal_uart.o
HAL_UART_Transmit                                 build/stm32f0xx_hal_uart.o
HAL_UART_Transmit_DMA                             build/stm32f0xx_hal_uart.o
HAL_UART_Transmit_IT                              build/stm32f0xx_hal_uart.o
HAL_UART_TxCpltCallback                           build/stm32f0xx_hal_uart.o
HAL_UART_TxHalfCpltCallback                       build/stm32f0xx_hal_uart.o
HardFault_Handler                                 build/stm32f0xx_it.o
I2C1_IRQHandler                                   build/startup_stm32f070xb.o
I2C2_IRQHandler                                   build/startup_stm32f070xb.o
NMI_Handler                                       build/stm32f0xx_it.o
Os_Get_Tick_1us                                   build/os.o
Os_Handler                                        build/os.o
Os_Handler_10ms                                   build/os.o
                                                  build/stm32f0xx_it.o
Os_Handler_1ms                                    build/os.o
                                                  build/stm32f0xx_it.o
Os_Init_Task                                      build/os.o
                                                  build/main.o
Os_Time_Handler                                   build/os.o
                                                  build/stm32f0xx_it.o
Os_Var                                            build/os.o
PWM_Output                                        build/switch.o
                                                  build/os.o
PendSV_Handler                                    build/stm32f0xx_it.o
RCC_IRQHandler                                    build/startup_stm32f070xb.o
RTC_IRQHandler                                    build/startup_stm32f070xb.o
Reset_Handler                                     build/startup_stm32f070xb.o
SPI1_IRQHandler                                   build/startup_stm32f070xb.o
SPI2_IRQHandler                                   build/startup_stm32f070xb.o
SVC_Handler                                       build/stm32f0xx_it.o
Switch_Read                                       build/switch.o
                                                  build/os.o
SysTick_Handler                                   build/startup_stm32f070xb.o
SystemClock_Config                                build/main.o
SystemCoreClock                                   build/system_stm32f0xx.o
                                                  build/stm32f0xx_hal.o
                                                  build/stm32f0xx_hal_rcc.o
SystemCoreClockUpdate                             build/system_stm32f0xx.o
SystemInit                                        build/system_stm32f0xx.o
                                                  build/startup_stm32f070xb.o
TIM14_IRQHandler                                  build/startup_stm32f070xb.o
TIM15_Handler                                     build/startup_stm32f070xb.o
TIM15_IRQHandler                                  build/startup_stm32f070xb.o
TIM16_Handler                                     build/startup_stm32f070xb.o
TIM16_IRQHandler                                  build/startup_stm32f070xb.o
TIM17_Handler                                     build/startup_stm32f070xb.o
TIM17_IRQHandler                                  build/startup_stm32f070xb.o
TIM1_BRK_UP_TRG_COM_IRQHandler                    build/startup_stm32f070xb.o
TIM1_CC_IRQHandler                                build/startup_stm32f070xb.o
TIM3_IRQHandler                                   build/startup_stm32f070xb.o
TIM6_IRQHandler                                   build/startup_stm32f070xb.o
TIM7_IRQHandler                                   build/startup_stm32f070xb.o
TIMEx_DMACommutationCplt                          build/stm32f0xx_hal_tim_ex.o
                                                  build/stm32f0xx_hal_tim.o
TIMEx_DMACommutationHalfCplt                      build/stm32f0xx_hal_tim_ex.o
                                                  build/stm32f0xx_hal_tim.o
TIM_Base_SetConfig                                build/stm32f0xx_hal_tim.o
                                                  build/stm32f0xx_hal_tim_ex.o
TIM_CCxChannelCmd                                 build/stm32f0xx_hal_tim.o
                                                  build/stm32f0xx_hal_tim_ex.o
TIM_DMACaptureCplt                                build/stm32f0xx_hal_tim.o
                                                  build/stm32f0xx_hal_tim_ex.o
TIM_DMACaptureHalfCplt                            build/stm32f0xx_hal_tim.o
                                                  build/stm32f0xx_hal_tim_ex.o
TIM_DMADelayPulseHalfCplt                         build/stm32f0xx_hal_tim.o
                                                  build/stm32f0xx_hal_tim_ex.o
TIM_DMAError                                      build/stm32f0xx_hal_tim.o
                                                  build/stm32f0xx_hal_tim_ex.o
TIM_ETR_SetConfig                                 build/stm32f0xx_hal_tim.o
TIM_OC2_SetConfig                                 build/stm32f0xx_hal_tim.o
                                                  build/stm32f0xx_hal_tim_ex.o
TIM_ResetCallback                                 build/stm32f0xx_hal_tim.o
                                                  build/stm32f0xx_hal_tim_ex.o
TIM_TI1_SetConfig                                 build/stm32f0xx_hal_tim.o
                                                  build/stm32f0xx_hal_tim_ex.o
UART_AdvFeatureConfig                             build/stm32f0xx_hal_uart.o
                                                  build/stm32f0xx_hal_uart_ex.o
UART_CheckIdleState                               build/stm32f0xx_hal_uart.o
                                                  build/stm32f0xx_hal_uart_ex.o
UART_SetConfig                                    build/stm32f0xx_hal_uart.o
                                                  build/stm32f0xx_hal_uart_ex.o
UART_Start_Receive_DMA                            build/stm32f0xx_hal_uart.o
                                                  build/stm32f0xx_hal_uart_ex.o
UART_Start_Receive_IT                             build/stm32f0xx_hal_uart.o
                                                  build/stm32f0xx_hal_uart_ex.o
UART_WaitOnFlagUntilTimeout                       build/stm32f0xx_hal_uart.o
USART1_IRQHandler                                 build/startup_stm32f070xb.o
USART2_IRQHandler                                 build/startup_stm32f070xb.o
USART3_4_IRQHandler                               build/startup_stm32f070xb.o
USB_IRQHandler                                    build/startup_stm32f070xb.o
VectorTable                                       build/startup_stm32f070xb.o
WWDG_IRQHandler                                   build/startup_stm32f070xb.o
__aeabi_idiv0                                     d:/3.tools/arm_gcc_toolchain/20_q4_major/bin/../lib/gcc/arm-none-eabi/10.2.1/thumb/v6-m/nofp\libgcc.a(_dvmd_tls.o)
                                                  d:/3.tools/arm_gcc_toolchain/20_q4_major/bin/../lib/gcc/arm-none-eabi/10.2.1/thumb/v6-m/nofp\libgcc.a(_udivsi3.o)
__aeabi_ldiv0                                     d:/3.tools/arm_gcc_toolchain/20_q4_major/bin/../lib/gcc/arm-none-eabi/10.2.1/thumb/v6-m/nofp\libgcc.a(_dvmd_tls.o)
__aeabi_uidiv                                     d:/3.tools/arm_gcc_toolchain/20_q4_major/bin/../lib/gcc/arm-none-eabi/10.2.1/thumb/v6-m/nofp\libgcc.a(_udivsi3.o)
                                                  build/system_stm32f0xx.o
                                                  build/stm32f0xx_hal_uart.o
                                                  build/stm32f0xx_hal_dma.o
                                                  build/stm32f0xx_hal.o
                                                  build/stm32f0xx_hal_rcc_ex.o
                                                  build/stm32f0xx_hal_rcc.o
__aeabi_uidivmod                                  d:/3.tools/arm_gcc_toolchain/20_q4_major/bin/../lib/gcc/arm-none-eabi/10.2.1/thumb/v6-m/nofp\libgcc.a(_udivsi3.o)
                                                  build/os.o
__bss_end__                                       d:/3.tools/arm_gcc_toolchain/20_q4_major/bin/../lib/gcc/arm-none-eabi/10.2.1/../../../../arm-none-eabi/lib/thumb/v6-m/nofp/crt0.o
__bss_start__                                     d:/3.tools/arm_gcc_toolchain/20_q4_major/bin/../lib/gcc/arm-none-eabi/10.2.1/../../../../arm-none-eabi/lib/thumb/v6-m/nofp/crt0.o
__call_exitprocs                                  d:/3.tools/arm_gcc_toolchain/20_q4_major/bin/../lib/gcc/arm-none-eabi/10.2.1/../../../../arm-none-eabi/lib/thumb/v6-m/nofp\libc_nano.a(lib_a-exit.o)
__deregister_frame_info                           d:/3.tools/arm_gcc_toolchain/20_q4_major/bin/../lib/gcc/arm-none-eabi/10.2.1/thumb/v6-m/nofp/crtbegin.o
__dso_handle                                      d:/3.tools/arm_gcc_toolchain/20_q4_major/bin/../lib/gcc/arm-none-eabi/10.2.1/thumb/v6-m/nofp/crtbegin.o
__init_array_end                                  d:/3.tools/arm_gcc_toolchain/20_q4_major/bin/../lib/gcc/arm-none-eabi/10.2.1/../../../../arm-none-eabi/lib/thumb/v6-m/nofp\libc_nano.a(lib_a-init.o)
__init_array_start                                d:/3.tools/arm_gcc_toolchain/20_q4_major/bin/../lib/gcc/arm-none-eabi/10.2.1/../../../../arm-none-eabi/lib/thumb/v6-m/nofp\libc_nano.a(lib_a-init.o)
__libc_fini_array                                 d:/3.tools/arm_gcc_toolchain/20_q4_major/bin/../lib/gcc/arm-none-eabi/10.2.1/../../../../arm-none-eabi/lib/thumb/v6-m/nofp/crt0.o
__libc_init_array                                 d:/3.tools/arm_gcc_toolchain/20_q4_major/bin/../lib/gcc/arm-none-eabi/10.2.1/../../../../arm-none-eabi/lib/thumb/v6-m/nofp\libc_nano.a(lib_a-init.o)
                                                  build/startup_stm32f070xb.o
                                                  d:/3.tools/arm_gcc_toolchain/20_q4_major/bin/../lib/gcc/arm-none-eabi/10.2.1/../../../../arm-none-eabi/lib/thumb/v6-m/nofp/crt0.o
__preinit_array_end                               d:/3.tools/arm_gcc_toolchain/20_q4_major/bin/../lib/gcc/arm-none-eabi/10.2.1/../../../../arm-none-eabi/lib/thumb/v6-m/nofp\libc_nano.a(lib_a-init.o)
__preinit_array_start                             d:/3.tools/arm_gcc_toolchain/20_q4_major/bin/../lib/gcc/arm-none-eabi/10.2.1/../../../../arm-none-eabi/lib/thumb/v6-m/nofp\libc_nano.a(lib_a-init.o)
__register_frame_info                             d:/3.tools/arm_gcc_toolchain/20_q4_major/bin/../lib/gcc/arm-none-eabi/10.2.1/thumb/v6-m/nofp/crtbegin.o
__sf_fake_stderr                                  d:/3.tools/arm_gcc_toolchain/20_q4_major/bin/../lib/gcc/arm-none-eabi/10.2.1/../../../../arm-none-eabi/lib/thumb/v6-m/nofp\libc_nano.a(lib_a-impure.o)
__sf_fake_stdin                                   d:/3.tools/arm_gcc_toolchain/20_q4_major/bin/../lib/gcc/arm-none-eabi/10.2.1/../../../../arm-none-eabi/lib/thumb/v6-m/nofp\libc_nano.a(lib_a-impure.o)
__sf_fake_stdout                                  d:/3.tools/arm_gcc_toolchain/20_q4_major/bin/../lib/gcc/arm-none-eabi/10.2.1/../../../../arm-none-eabi/lib/thumb/v6-m/nofp\libc_nano.a(lib_a-impure.o)
__stack                                           d:/3.tools/arm_gcc_toolchain/20_q4_major/bin/../lib/gcc/arm-none-eabi/10.2.1/../../../../arm-none-eabi/lib/thumb/v6-m/nofp/crt0.o
__udivsi3                                         d:/3.tools/arm_gcc_toolchain/20_q4_major/bin/../lib/gcc/arm-none-eabi/10.2.1/thumb/v6-m/nofp\libgcc.a(_udivsi3.o)
_ebss                                             build/startup_stm32f070xb.o
_edata                                            build/startup_stm32f070xb.o
_estack                                           build/startup_stm32f070xb.o
_exit                                             d:/3.tools/arm_gcc_toolchain/20_q4_major/bin/../lib/gcc/arm-none-eabi/10.2.1/../../../../arm-none-eabi/lib/thumb/v6-m/nofp\libnosys.a(_exit.o)
                                                  d:/3.tools/arm_gcc_toolchain/20_q4_major/bin/../lib/gcc/arm-none-eabi/10.2.1/../../../../arm-none-eabi/lib/thumb/v6-m/nofp\libc_nano.a(lib_a-exit.o)
_fini                                             d:/3.tools/arm_gcc_toolchain/20_q4_major/bin/../lib/gcc/arm-none-eabi/10.2.1/thumb/v6-m/nofp/crti.o
_global_impure_ptr                                d:/3.tools/arm_gcc_toolchain/20_q4_major/bin/../lib/gcc/arm-none-eabi/10.2.1/../../../../arm-none-eabi/lib/thumb/v6-m/nofp\libc_nano.a(lib_a-impure.o)
                                                  d:/3.tools/arm_gcc_toolchain/20_q4_major/bin/../lib/gcc/arm-none-eabi/10.2.1/../../../../arm-none-eabi/lib/thumb/v6-m/nofp\libc_nano.a(lib_a-exit.o)
_impure_ptr                                       d:/3.tools/arm_gcc_toolchain/20_q4_major/bin/../lib/gcc/arm-none-eabi/10.2.1/../../../../arm-none-eabi/lib/thumb/v6-m/nofp\libc_nano.a(lib_a-impure.o)
_init                                             d:/3.tools/arm_gcc_toolchain/20_q4_major/bin/../lib/gcc/arm-none-eabi/10.2.1/thumb/v6-m/nofp/crti.o
                                                  d:/3.tools/arm_gcc_toolchain/20_q4_major/bin/../lib/gcc/arm-none-eabi/10.2.1/../../../../arm-none-eabi/lib/thumb/v6-m/nofp\libc_nano.a(lib_a-init.o)
_mainCRTStartup                                   d:/3.tools/arm_gcc_toolchain/20_q4_major/bin/../lib/gcc/arm-none-eabi/10.2.1/../../../../arm-none-eabi/lib/thumb/v6-m/nofp/crt0.o
_sbss                                             build/startup_stm32f070xb.o
_sdata                                            build/startup_stm32f070xb.o
_sidata                                           build/startup_stm32f070xb.o
_stack_init                                       d:/3.tools/arm_gcc_toolchain/20_q4_major/bin/../lib/gcc/arm-none-eabi/10.2.1/../../../../arm-none-eabi/lib/thumb/v6-m/nofp/crt0.o
_start                                            d:/3.tools/arm_gcc_toolchain/20_q4_major/bin/../lib/gcc/arm-none-eabi/10.2.1/../../../../arm-none-eabi/lib/thumb/v6-m/nofp/crt0.o
atexit                                            d:/3.tools/arm_gcc_toolchain/20_q4_major/bin/../lib/gcc/arm-none-eabi/10.2.1/../../../../arm-none-eabi/lib/thumb/v6-m/nofp/crt0.o
exit                                              d:/3.tools/arm_gcc_toolchain/20_q4_major/bin/../lib/gcc/arm-none-eabi/10.2.1/../../../../arm-none-eabi/lib/thumb/v6-m/nofp\libc_nano.a(lib_a-exit.o)
                                                  d:/3.tools/arm_gcc_toolchain/20_q4_major/bin/../lib/gcc/arm-none-eabi/10.2.1/../../../../arm-none-eabi/lib/thumb/v6-m/nofp/crt0.o
hardware_init_hook                                d:/3.tools/arm_gcc_toolchain/20_q4_major/bin/../lib/gcc/arm-none-eabi/10.2.1/../../../../arm-none-eabi/lib/thumb/v6-m/nofp/crt0.o
htim15                                            build/main.o
                                                  build/startup_stm32f070xb.o
htim16                                            build/main.o
                                                  build/startup_stm32f070xb.o
htim17                                            build/main.o
                                                  build/startup_stm32f070xb.o
htim3                                             build/main.o
huart2                                            build/main.o
main                                              build/main.o
                                                  build/startup_stm32f070xb.o
                                                  d:/3.tools/arm_gcc_toolchain/20_q4_major/bin/../lib/gcc/arm-none-eabi/10.2.1/../../../../arm-none-eabi/lib/thumb/v6-m/nofp/crt0.o
memset                                            d:/3.tools/arm_gcc_toolchain/20_q4_major/bin/../lib/gcc/arm-none-eabi/10.2.1/../../../../arm-none-eabi/lib/thumb/v6-m/nofp\libc_nano.a(lib_a-memset.o)
                                                  build/stm32f0xx_hal_msp.o
                                                  build/main.o
                                                  d:/3.tools/arm_gcc_toolchain/20_q4_major/bin/../lib/gcc/arm-none-eabi/10.2.1/../../../../arm-none-eabi/lib/thumb/v6-m/nofp/crt0.o
pFlash                                            build/stm32f0xx_hal_flash.o
                                                  build/stm32f0xx_hal_flash_ex.o
software_init_hook                                d:/3.tools/arm_gcc_toolchain/20_q4_major/bin/../lib/gcc/arm-none-eabi/10.2.1/../../../../arm-none-eabi/lib/thumb/v6-m/nofp/crt0.o
switch_counter                                    build/switch.o
switch_debounce_OffTimer                          build/switch.o
switch_debounce_OnTimer                           build/switch.o
switch_status                                     build/switch.o
switch_timer                                      build/switch.o
uwTick                                            build/stm32f0xx_hal.o
uwTickFreq                                        build/stm32f0xx_hal.o
uwTickPrio                                        build/stm32f0xx_hal.o
                                                  build/stm32f0xx_hal_rcc.o
